Archive member included to satisfy reference by file (symbol)

c:/st/stm32cubeide_1.7.0/stm32cubeide/plugins/com.st.stm32cube.ide.mcu.externaltools.gnu-tools-for-stm32.10.3-2021.10.win32_1.0.0.202111181127/tools/bin/../lib/gcc/arm-none-eabi/10.3.1/../../../../arm-none-eabi/lib/thumb/v7e-m+fp/hard\libc_nano.a(lib_a-errno.o)
                              ./Core/Src/syscalls.o (__errno)
c:/st/stm32cubeide_1.7.0/stm32cubeide/plugins/com.st.stm32cube.ide.mcu.externaltools.gnu-tools-for-stm32.10.3-2021.10.win32_1.0.0.202111181127/tools/bin/../lib/gcc/arm-none-eabi/10.3.1/../../../../arm-none-eabi/lib/thumb/v7e-m+fp/hard\libc_nano.a(lib_a-exit.o)
                              c:/st/stm32cubeide_1.7.0/stm32cubeide/plugins/com.st.stm32cube.ide.mcu.externaltools.gnu-tools-for-stm32.10.3-2021.10.win32_1.0.0.202111181127/tools/bin/../lib/gcc/arm-none-eabi/10.3.1/../../../../arm-none-eabi/lib/thumb/v7e-m+fp/hard/crt0.o (exit)
c:/st/stm32cubeide_1.7.0/stm32cubeide/plugins/com.st.stm32cube.ide.mcu.externaltools.gnu-tools-for-stm32.10.3-2021.10.win32_1.0.0.202111181127/tools/bin/../lib/gcc/arm-none-eabi/10.3.1/../../../../arm-none-eabi/lib/thumb/v7e-m+fp/hard\libc_nano.a(lib_a-impure.o)
                              c:/st/stm32cubeide_1.7.0/stm32cubeide/plugins/com.st.stm32cube.ide.mcu.externaltools.gnu-tools-for-stm32.10.3-2021.10.win32_1.0.0.202111181127/tools/bin/../lib/gcc/arm-none-eabi/10.3.1/../../../../arm-none-eabi/lib/thumb/v7e-m+fp/hard\libc_nano.a(lib_a-exit.o) (_global_impure_ptr)
c:/st/stm32cubeide_1.7.0/stm32cubeide/plugins/com.st.stm32cube.ide.mcu.externaltools.gnu-tools-for-stm32.10.3-2021.10.win32_1.0.0.202111181127/tools/bin/../lib/gcc/arm-none-eabi/10.3.1/../../../../arm-none-eabi/lib/thumb/v7e-m+fp/hard\libc_nano.a(lib_a-init.o)
                              c:/st/stm32cubeide_1.7.0/stm32cubeide/plugins/com.st.stm32cube.ide.mcu.externaltools.gnu-tools-for-stm32.10.3-2021.10.win32_1.0.0.202111181127/tools/bin/../lib/gcc/arm-none-eabi/10.3.1/../../../../arm-none-eabi/lib/thumb/v7e-m+fp/hard/crt0.o (__libc_init_array)
c:/st/stm32cubeide_1.7.0/stm32cubeide/plugins/com.st.stm32cube.ide.mcu.externaltools.gnu-tools-for-stm32.10.3-2021.10.win32_1.0.0.202111181127/tools/bin/../lib/gcc/arm-none-eabi/10.3.1/../../../../arm-none-eabi/lib/thumb/v7e-m+fp/hard\libc_nano.a(lib_a-memcpy-stub.o)
                              ./Core/Drivers/usb-pd/lib/Logic/int_n.o (memcpy)
c:/st/stm32cubeide_1.7.0/stm32cubeide/plugins/com.st.stm32cube.ide.mcu.externaltools.gnu-tools-for-stm32.10.3-2021.10.win32_1.0.0.202111181127/tools/bin/../lib/gcc/arm-none-eabi/10.3.1/../../../../arm-none-eabi/lib/thumb/v7e-m+fp/hard\libc_nano.a(lib_a-memset.o)
                              c:/st/stm32cubeide_1.7.0/stm32cubeide/plugins/com.st.stm32cube.ide.mcu.externaltools.gnu-tools-for-stm32.10.3-2021.10.win32_1.0.0.202111181127/tools/bin/../lib/gcc/arm-none-eabi/10.3.1/../../../../arm-none-eabi/lib/thumb/v7e-m+fp/hard/crt0.o (memset)
c:/st/stm32cubeide_1.7.0/stm32cubeide/plugins/com.st.stm32cube.ide.mcu.externaltools.gnu-tools-for-stm32.10.3-2021.10.win32_1.0.0.202111181127/tools/bin/../lib/gcc/arm-none-eabi/10.3.1/../../../../arm-none-eabi/lib/thumb/v7e-m+fp/hard\libc_nano.a(lib_a-printf.o)
                              ./Core/user/PDUser.o (printf)
c:/st/stm32cubeide_1.7.0/stm32cubeide/plugins/com.st.stm32cube.ide.mcu.externaltools.gnu-tools-for-stm32.10.3-2021.10.win32_1.0.0.202111181127/tools/bin/../lib/gcc/arm-none-eabi/10.3.1/../../../../arm-none-eabi/lib/thumb/v7e-m+fp/hard\libc_nano.a(lib_a-puts.o)
                              ./Core/Src/main.o (puts)
c:/st/stm32cubeide_1.7.0/stm32cubeide/plugins/com.st.stm32cube.ide.mcu.externaltools.gnu-tools-for-stm32.10.3-2021.10.win32_1.0.0.202111181127/tools/bin/../lib/gcc/arm-none-eabi/10.3.1/../../../../arm-none-eabi/lib/thumb/v7e-m+fp/hard\libc_nano.a(lib_a-wbuf.o)
                              c:/st/stm32cubeide_1.7.0/stm32cubeide/plugins/com.st.stm32cube.ide.mcu.externaltools.gnu-tools-for-stm32.10.3-2021.10.win32_1.0.0.202111181127/tools/bin/../lib/gcc/arm-none-eabi/10.3.1/../../../../arm-none-eabi/lib/thumb/v7e-m+fp/hard\libc_nano.a(lib_a-puts.o) (__swbuf_r)
c:/st/stm32cubeide_1.7.0/stm32cubeide/plugins/com.st.stm32cube.ide.mcu.externaltools.gnu-tools-for-stm32.10.3-2021.10.win32_1.0.0.202111181127/tools/bin/../lib/gcc/arm-none-eabi/10.3.1/../../../../arm-none-eabi/lib/thumb/v7e-m+fp/hard\libc_nano.a(lib_a-wsetup.o)
                              c:/st/stm32cubeide_1.7.0/stm32cubeide/plugins/com.st.stm32cube.ide.mcu.externaltools.gnu-tools-for-stm32.10.3-2021.10.win32_1.0.0.202111181127/tools/bin/../lib/gcc/arm-none-eabi/10.3.1/../../../../arm-none-eabi/lib/thumb/v7e-m+fp/hard\libc_nano.a(lib_a-puts.o) (__swsetup_r)
c:/st/stm32cubeide_1.7.0/stm32cubeide/plugins/com.st.stm32cube.ide.mcu.externaltools.gnu-tools-for-stm32.10.3-2021.10.win32_1.0.0.202111181127/tools/bin/../lib/gcc/arm-none-eabi/10.3.1/../../../../arm-none-eabi/lib/thumb/v7e-m+fp/hard\libc_nano.a(lib_a-fflush.o)
[...]
Memory Configuration

Name             Origin             Length             Attributes
RAM              0x0000000020000000 0x0000000000020000 xrw
FLASH            0x0000000008000000 0x0000000000080000 xr
*default*        0x0000000000000000 0xffffffffffffffff

Linker script and memory map

LOAD c:/st/stm32cubeide_1.7.0/stm32cubeide/plugins/com.st.stm32cube.ide.mcu.externaltools.gnu-tools-for-stm32.10.3-2021.10.win32_1.0.0.202111181127/tools/bin/../lib/gcc/arm-none-eabi/10.3.1/thumb/v7e-m+fp/hard/crti.o
LOAD c:/st/stm32cubeide_1.7.0/stm32cubeide/plugins/com.st.stm32cube.ide.mcu.externaltools.gnu-tools-for-stm32.10.3-2021.10.win32_1.0.0.202111181127/tools/bin/../lib/gcc/arm-none-eabi/10.3.1/thumb/v7e-m+fp/hard/crtbegin.o
LOAD c:/st/stm32cubeide_1.7.0/stm32cubeide/plugins/com.st.stm32cube.ide.mcu.externaltools.gnu-tools-for-stm32.10.3-2021.10.win32_1.0.0.202111181127/tools/bin/../lib/gcc/arm-none-eabi/10.3.1/../../../../arm-none-eabi/lib/thumb/v7e-m+fp/hard/crt0.o
LOAD ./Core/Drivers/usb-pd/lib/FUSB302/fusb302b.o
LOAD ./Core/Drivers/usb-pd/lib/Logic/int_n.o
LOAD ./Core/Drivers/usb-pd/lib/Logic/policy_engine.o
LOAD ./Core/Drivers/usb-pd/lib/Logic/policy_engine_states.o
LOAD ./Core/Src/dma.o
LOAD ./Core/Src/gpio.o
LOAD ./Core/Src/i2c.o
LOAD ./Core/Src/main.o
LOAD ./Core/Src/stm32f4xx_hal_msp.o
LOAD ./Core/Src/stm32f4xx_it.o
LOAD ./Core/Src/syscalls.o
LOAD ./Core/Src/sysmem.o
LOAD ./Core/Src/system_stm32f4xx.o
LOAD ./Core/Src/usart.o
LOAD ./Core/Startup/startup_stm32f446retx.o
LOAD ./Core/user/PDUser.o
LOAD ./Drivers/STM32F4xx_HAL_Driver/Src/stm32f4xx_hal.o
LOAD ./Drivers/STM32F4xx_HAL_Driver/Src/stm32f4xx_hal_cortex.o
LOAD ./Drivers/STM32F4xx_HAL_Driver/Src/stm32f4xx_hal_dma.o
LOAD ./Drivers/STM32F4xx_HAL_Driver/Src/stm32f4xx_hal_dma_ex.o
LOAD ./Drivers/STM32F4xx_HAL_Driver/Src/stm32f4xx_hal_exti.o
LOAD ./Drivers/STM32F4xx_HAL_Driver/Src/stm32f4xx_hal_flash.o
LOAD ./Drivers/STM32F4xx_HAL_Driver/Src/stm32f4xx_hal_flash_ex.o
LOAD ./Drivers/STM32F4xx_HAL_Driver/Src/stm32f4xx_hal_flash_ramfunc.o
LOAD ./Drivers/STM32F4xx_HAL_Driver/Src/stm32f4xx_hal_gpio.o
LOAD ./Drivers/STM32F4xx_HAL_Driver/Src/stm32f4xx_hal_i2c.o
LOAD ./Drivers/STM32F4xx_HAL_Driver/Src/stm32f4xx_hal_i2c_ex.o
LOAD ./Drivers/STM32F4xx_HAL_Driver/Src/stm32f4xx_hal_pwr.o
LOAD ./Drivers/STM32F4xx_HAL_Driver/Src/stm32f4xx_hal_pwr_ex.o
LOAD ./Drivers/STM32F4xx_HAL_Driver/Src/stm32f4xx_hal_rcc.o
LOAD ./Drivers/STM32F4xx_HAL_Driver/Src/stm32f4xx_hal_rcc_ex.o
LOAD ./Drivers/STM32F4xx_HAL_Driver/Src/stm32f4xx_hal_tim.o
LOAD ./Drivers/STM32F4xx_HAL_Driver/Src/stm32f4xx_hal_tim_ex.o
LOAD ./Drivers/STM32F4xx_HAL_Driver/Src/stm32f4xx_hal_uart.o
START GROUP
LOAD c:/st/stm32cubeide_1.7.0/stm32cubeide/plugins/com.st.stm32cube.ide.mcu.externaltools.gnu-tools-for-stm32.10.3-2021.10.win32_1.0.0.202111181127/tools/bin/../lib/gcc/arm-none-eabi/10.3.1/../../../../arm-none-eabi/lib/thumb/v7e-m+fp/hard\libstdc++_nano.a
LOAD c:/st/stm32cubeide_1.7.0/stm32cubeide/plugins/com.st.stm32cube.ide.mcu.externaltools.gnu-tools-for-stm32.10.3-2021.10.win32_1.0.0.202111181127/tools/bin/../lib/gcc/arm-none-eabi/10.3.1/../../../../arm-none-eabi/lib/thumb/v7e-m+fp/hard\libsupc++_nano.a
END GROUP
LOAD c:/st/stm32cubeide_1.7.0/stm32cubeide/plugins/com.st.stm32cube.ide.mcu.externaltools.gnu-tools-for-stm32.10.3-2021.10.win32_1.0.0.202111181127/tools/bin/../lib/gcc/arm-none-eabi/10.3.1/../../../../arm-none-eabi/lib/thumb/v7e-m+fp/hard\libstdc++_nano.a
LOAD c:/st/stm32cubeide_1.7.0/stm32cubeide/plugins/com.st.stm32cube.ide.mcu.externaltools.gnu-tools-for-stm32.10.3-2021.10.win32_1.0.0.202111181127/tools/bin/../lib/gcc/arm-none-eabi/10.3.1/../../../../arm-none-eabi/lib/thumb/v7e-m+fp/hard\libm.a
LOAD c:/st/stm32cubeide_1.7.0/stm32cubeide/plugins/com.st.stm32cube.ide.mcu.externaltools.gnu-tools-for-stm32.10.3-2021.10.win32_1.0.0.202111181127/tools/bin/../lib/gcc/arm-none-eabi/10.3.1/../../../../arm-none-eabi/lib/thumb/v7e-m+fp/hard\libc_nano.a
START GROUP
LOAD c:/st/stm32cubeide_1.7.0/stm32cubeide/plugins/com.st.stm32cube.ide.mcu.externaltools.gnu-tools-for-stm32.10.3-2021.10.win32_1.0.0.202111181127/tools/bin/../lib/gcc/arm-none-eabi/10.3.1/thumb/v7e-m+fp/hard\libgcc.a
LOAD c:/st/stm32cubeide_1.7.0/stm32cubeide/plugins/com.st.stm32cube.ide.mcu.externaltools.gnu-tools-for-stm32.10.3-2021.10.win32_1.0.0.202111181127/tools/bin/../lib/gcc/arm-none-eabi/10.3.1/../../../../arm-none-eabi/lib/thumb/v7e-m+fp/hard\libc_nano.a
END GROUP
START GROUP
LOAD c:/st/stm32cubeide_1.7.0/stm32cubeide/plugins/com.st.stm32cube.ide.mcu.externaltools.gnu-tools-for-stm32.10.3-2021.10.win32_1.0.0.202111181127/tools/bin/../lib/gcc/arm-none-eabi/10.3.1/thumb/v7e-m+fp/hard\libgcc.a
LOAD c:/st/stm32cubeide_1.7.0/stm32cubeide/plugins/com.st.stm32cube.ide.mcu.externaltools.gnu-tools-for-stm32.10.3-2021.10.win32_1.0.0.202111181127/tools/bin/../lib/gcc/arm-none-eabi/10.3.1/../../../../arm-none-eabi/lib/thumb/v7e-m+fp/hard\libc_nano.a
LOAD c:/st/stm32cubeide_1.7.0/stm32cubeide/plugins/com.st.stm32cube.ide.mcu.externaltools.gnu-tools-for-stm32.10.3-2021.10.win32_1.0.0.202111181127/tools/bin/../lib/gcc/arm-none-eabi/10.3.1/../../../../arm-none-eabi/lib/thumb/v7e-m+fp/hard\libnosys.a
END GROUP
START GROUP
LOAD c:/st/stm32cubeide_1.7.0/stm32cubeide/plugins/com.st.stm32cube.ide.mcu.externaltools.gnu-tools-for-stm32.10.3-2021.10.win32_1.0.0.202111181127/tools/bin/../lib/gcc/arm-none-eabi/10.3.1/thumb/v7e-m+fp/hard\libgcc.a
LOAD c:/st/stm32cubeide_1.7.0/stm32cubeide/plugins/com.st.stm32cube.ide.mcu.externaltools.gnu-tools-for-stm32.10.3-2021.10.win32_1.0.0.202111181127/tools/bin/../lib/gcc/arm-none-eabi/10.3.1/../../../../arm-none-eabi/lib/thumb/v7e-m+fp/hard\libc_nano.a
LOAD c:/st/stm32cubeide_1.7.0/stm32cubeide/plugins/com.st.stm32cube.ide.mcu.externaltools.gnu-tools-for-stm32.10.3-2021.10.win32_1.0.0.202111181127/tools/bin/../lib/gcc/arm-none-eabi/10.3.1/../../../../arm-none-eabi/lib/thumb/v7e-m+fp/hard\libnosys.a
END GROUP
LOAD c:/st/stm32cubeide_1.7.0/stm32cubeide/plugins/com.st.stm32cube.ide.mcu.externaltools.gnu-tools-for-stm32.10.3-2021.10.win32_1.0.0.202111181127/tools/bin/../lib/gcc/arm-none-eabi/10.3.1/thumb/v7e-m+fp/hard/crtend.o
LOAD c:/st/stm32cubeide_1.7.0/stm32cubeide/plugins/com.st.stm32cube.ide.mcu.externaltools.gnu-tools-for-stm32.10.3-2021.10.win32_1.0.0.202111181127/tools/bin/../lib/gcc/arm-none-eabi/10.3.1/thumb/v7e-m+fp/hard/crtn.o
                0x0000000020020000                _estack = (ORIGIN (RAM) + LENGTH (RAM))
                0x0000000000000200                _Min_Heap_Size = 0x200
                0x0000000000000400                _Min_Stack_Size = 0x400

.isr_vector     0x0000000008000000      0x1c4
                0x0000000008000000                . = ALIGN (0x4)
 *(.isr_vector)
 .isr_vector    0x0000000008000000      0x1c4 ./Core/Startup/startup_stm32f446retx.o
                0x0000000008000000                g_pfnVectors
                0x00000000080001c4                . = ALIGN (0x4)

.text           0x00000000080001d0     0x89f0
                0x00000000080001d0                . = ALIGN (0x4)
 *(.text)
 .text          0x00000000080001d0       0x40 c:/st/stm32cubeide_1.7.0/stm32cubeide/plugins/com.st.stm32cube.ide.mcu.externaltools.gnu-tools-for-stm32.10.3-2021.10.win32_1.0.0.202111181127/tools/bin/../lib/gcc/arm-none-eabi/10.3.1/thumb/v7e-m+fp/hard/crtbegin.o
 .text          0x0000000008000210       0xa0 c:/st/stm32cubeide_1.7.0/stm32cubeide/plugins/com.st.stm32cube.ide.mcu.externaltools.gnu-tools-for-stm32.10.3-2021.10.win32_1.0.0.202111181127/tools/bin/../lib/gcc/arm-none-eabi/10.3.1/../../../../arm-none-eabi/lib/thumb/v7e-m+fp/hard\libc_nano.a(lib_a-memchr.o)
                0x0000000008000210                memchr
 .text          0x00000000080002b0       0x30 c:/st/stm32cubeide_1.7.0/stm32cubeide/plugins/com.st.stm32cube.ide.mcu.externaltools.gnu-tools-for-stm32.10.3-2021.10.win32_1.0.0.202111181127/tools/bin/../lib/gcc/arm-none-eabi/10.3.1/thumb/v7e-m+fp/hard\libgcc.a(_aeabi_uldivmod.o)
                0x00000000080002b0                __aeabi_uldivmod
 .text          0x00000000080002e0      0x2d0 c:/st/stm32cubeide_1.7.0/stm32cubeide/plugins/com.st.stm32cube.ide.mcu.externaltools.gnu-tools-for-stm32.10.3-2021.10.win32_1.0.0.202111181127/tools/bin/../lib/gcc/arm-none-eabi/10.3.1/thumb/v7e-m+fp/hard\libgcc.a(_udivmoddi4.o)
                0x00000000080002e0                __udivmoddi4
 .text          0x00000000080005b0        0x4 c:/st/stm32cubeide_1.7.0/stm32cubeide/plugins/com.st.stm32cube.ide.mcu.externaltools.gnu-tools-for-stm32.10.3-2021.10.win32_1.0.0.202111181127/tools/bin/../lib/gcc/arm-none-eabi/10.3.1/thumb/v7e-m+fp/hard\libgcc.a(_dvmd_tls.o)
                0x00000000080005b0                __aeabi_idiv0
                0x00000000080005b0                __aeabi_ldiv0
 *(.text*)
 .text._ZNK7FUSB30217fusb_send_messageEPK6pd_msg
                0x00000000080005b4       0x7c ./Core/Drivers/usb-pd/lib/FUSB302/fusb302b.o
                0x00000000080005b4                FUSB302::fusb_send_message(pd_msg const*) const
 .text._ZNK7FUSB30215fusb_rx_pendingEv
                0x0000000008000630       0x28 ./Core/Drivers/usb-pd/lib/FUSB302/fusb302b.o
                0x0000000008000630                FUSB302::fusb_rx_pending() const
 .text._ZNK7FUSB30217fusb_read_messageEP6pd_msg
                0x0000000008000658       0x8c ./Core/Drivers/usb-pd/lib/FUSB302/fusb302b.o
                0x0000000008000658                FUSB302::fusb_read_message(pd_msg*) const
 .text._ZNK7FUSB30210fusb_setupEv
                0x00000000080006e4      0x15e ./Core/Drivers/usb-pd/lib/FUSB302/fusb302b.o
                0x00000000080006e4                FUSB302::fusb_setup() const
 .text._ZNK7FUSB30218runCCLineSelectionEv
                0x0000000008000842       0xe6 ./Core/Drivers/usb-pd/lib/FUSB302/fusb302b.o
                0x0000000008000842                FUSB302::runCCLineSelection() const
 .text._ZNK7FUSB30215fusb_get_statusEP11fusb_status
                0x0000000008000928       0x24 ./Core/Drivers/usb-pd/lib/FUSB302/fusb302b.o
                0x0000000008000928                FUSB302::fusb_get_status(fusb_status*) const
 .text._ZNK7FUSB30210fusb_resetEv
                0x000000000800094c       0x60 ./Core/Drivers/usb-pd/lib/FUSB302/fusb302b.o
                0x000000000800094c                FUSB302::fusb_reset() const
 .text._ZNK7FUSB30212fusb_read_idEv
                0x00000000080009ac       0x4c ./Core/Drivers/usb-pd/lib/FUSB302/fusb302b.o
                0x00000000080009ac                FUSB302::fusb_read_id() const
 .text._ZNK7FUSB30214fusb_read_byteEh
                0x00000000080009f8       0x38 ./Core/Drivers/usb-pd/lib/FUSB302/fusb302b.o
                0x00000000080009f8                FUSB302::fusb_read_byte(unsigned char) const
 .text._ZNK7FUSB30215fusb_write_byteEhh
                0x0000000008000a30       0x2a ./Core/Drivers/usb-pd/lib/FUSB302/fusb302b.o
                0x0000000008000a30                FUSB302::fusb_write_byte(unsigned char, unsigned char) const
 .text._ZN12PolicyEngine18readPendingMessageEv
                0x0000000008000a5a       0x96 ./Core/Drivers/usb-pd/lib/Logic/int_n.o
                0x0000000008000a5a                PolicyEngine::readPendingMessage()
 .text._ZN12PolicyEngine10IRQOccuredEv
                0x0000000008000af0       0x8c ./Core/Drivers/usb-pd/lib/Logic/int_n.o
                0x0000000008000af0                PolicyEngine::IRQOccured()
 .text._ZN10ringbufferI6pd_msgLj4EE4pushEPKS0_
                0x0000000008000b7c       0x7e ./Core/Drivers/usb-pd/lib/Logic/int_n.o
                0x0000000008000b7c                ringbuffer<pd_msg, 4u>::push(pd_msg const*)
 .text._ZN12PolicyEngine6notifyENS_13NotificationsE
                0x0000000008000bfa       0x26 ./Core/Drivers/usb-pd/lib/Logic/policy_engine.o
                0x0000000008000bfa                PolicyEngine::notify(PolicyEngine::Notifications)
 .text._ZN12PolicyEngine14printStateNameEv
                0x0000000008000c20       0x14 ./Core/Drivers/usb-pd/lib/Logic/policy_engine.o
                0x0000000008000c20                PolicyEngine::printStateName()
 .text._ZN12PolicyEngine6threadEv
                0x0000000008000c34      0x274 ./Core/Drivers/usb-pd/lib/Logic/policy_engine.o
                0x0000000008000c34                PolicyEngine::thread()
 .text._ZN12PolicyEngine7isPD3_0Ev
                0x0000000008000ea8       0x26 ./Core/Drivers/usb-pd/lib/Logic/policy_engine.o
                0x0000000008000ea8                PolicyEngine::isPD3_0()
 .text._ZN12PolicyEngine19pe_start_message_txENS_19policy_engine_stateES0_P6pd_msg
                0x0000000008000ece       0xaa ./Core/Drivers/usb-pd/lib/Logic/policy_engine.o
                0x0000000008000ece                PolicyEngine::pe_start_message_tx(PolicyEngine::policy_engine_state, PolicyEngine::policy_engine_state, pd_msg*)
 .text._ZN12PolicyEngine11clearEventsEm
                0x0000000008000f78       0x24 ./Core/Drivers/usb-pd/lib/Logic/policy_engine.o
                0x0000000008000f78                PolicyEngine::clearEvents(unsigned long)
 .text._ZN12PolicyEngine12waitForEventENS_19policy_engine_stateEmm
                0x0000000008000f9c       0x92 ./Core/Drivers/usb-pd/lib/Logic/policy_engine.o
                0x0000000008000f9c                PolicyEngine::waitForEvent(PolicyEngine::policy_engine_state, unsigned long, unsigned long)
 .text._ZNK10ringbufferI6pd_msgLj4EE11getOccupiedEv
                0x000000000800102e       0x66 ./Core/Drivers/usb-pd/lib/Logic/policy_engine.o
                0x000000000800102e                ringbuffer<pd_msg, 4u>::getOccupied() const
 .text._ZN12PolicyEngine15pe_sink_startupEv
                0x0000000008001094       0x2c ./Core/Drivers/usb-pd/lib/Logic/policy_engine_states.o
                0x0000000008001094                PolicyEngine::pe_sink_startup()
 .text._ZN12PolicyEngine17pe_sink_discoveryEv
                0x00000000080010c0       0x16 ./Core/Drivers/usb-pd/lib/Logic/policy_engine_states.o
                0x00000000080010c0                PolicyEngine::pe_sink_discovery()
 .text._ZN12PolicyEngine22pe_sink_setup_wait_capEv
                0x00000000080010d6       0x20 ./Core/Drivers/usb-pd/lib/Logic/policy_engine_states.o
                0x00000000080010d6                PolicyEngine::pe_sink_setup_wait_cap()
 .text._ZN12PolicyEngine16pe_sink_wait_capEv
                0x00000000080010f6       0xd0 ./Core/Drivers/usb-pd/lib/Logic/policy_engine_states.o
                0x00000000080010f6                PolicyEngine::pe_sink_wait_cap()
 .text._ZN12PolicyEngine16pe_sink_eval_capEv
                0x00000000080011c6       0xf0 ./Core/Drivers/usb-pd/lib/Logic/policy_engine_states.o
                0x00000000080011c6                PolicyEngine::pe_sink_eval_cap()
 .text._ZN12PolicyEngine21pe_sink_select_cap_txEv
                0x00000000080012b6       0x2c ./Core/Drivers/usb-pd/lib/Logic/policy_engine_states.o
                0x00000000080012b6                PolicyEngine::pe_sink_select_cap_tx()
 .text._ZN12PolicyEngine18pe_sink_select_capEv
                0x00000000080012e2       0x2c ./Core/Drivers/usb-pd/lib/Logic/policy_engine_states.o
                0x00000000080012e2                PolicyEngine::pe_sink_select_cap()
 .text._ZN12PolicyEngine21pe_sink_wait_cap_respEv
                0x000000000800130e      0x100 ./Core/Drivers/usb-pd/lib/Logic/policy_engine_states.o
                0x000000000800130e                PolicyEngine::pe_sink_wait_cap_resp()
 .text._ZN12PolicyEngine23pe_sink_transition_sinkEv
                0x000000000800140e       0x72 ./Core/Drivers/usb-pd/lib/Logic/policy_engine_states.o
                0x000000000800140e                PolicyEngine::pe_sink_transition_sink()
 .text._ZN12PolicyEngine13pe_sink_readyEv
                0x0000000008001480      0x2ae ./Core/Drivers/usb-pd/lib/Logic/policy_engine_states.o
                0x0000000008001480                PolicyEngine::pe_sink_ready()
 .text._ZN12PolicyEngine22pe_sink_get_source_capEv
                0x000000000800172e       0x32 ./Core/Drivers/usb-pd/lib/Logic/policy_engine_states.o
                0x000000000800172e                PolicyEngine::pe_sink_get_source_cap()
 .text._ZN12PolicyEngine21pe_sink_give_sink_capEv
                0x0000000008001760       0x40 ./Core/Drivers/usb-pd/lib/Logic/policy_engine_states.o
                0x0000000008001760                PolicyEngine::pe_sink_give_sink_cap()
 .text._ZN12PolicyEngine18pe_sink_hard_resetEv
                0x00000000080017a0       0x38 ./Core/Drivers/usb-pd/lib/Logic/policy_engine_states.o
                0x00000000080017a0                PolicyEngine::pe_sink_hard_reset()
 .text._ZN12PolicyEngine26pe_sink_transition_defaultEv
                0x00000000080017d8       0x1e ./Core/Drivers/usb-pd/lib/Logic/policy_engine_states.o
                0x00000000080017d8                PolicyEngine::pe_sink_transition_default()
 .text._ZN12PolicyEngine18pe_sink_soft_resetEv
                0x00000000080017f6       0x2c ./Core/Drivers/usb-pd/lib/Logic/policy_engine_states.o
                0x00000000080017f6                PolicyEngine::pe_sink_soft_reset()
 .text._ZN12PolicyEngine23pe_sink_send_soft_resetEv
                0x0000000008001822       0x32 ./Core/Drivers/usb-pd/lib/Logic/policy_engine_states.o
                0x0000000008001822                PolicyEngine::pe_sink_send_soft_reset()
 .text._ZN12PolicyEngine29pe_sink_send_soft_reset_tx_okEv
                0x0000000008001854       0x22 ./Core/Drivers/usb-pd/lib/Logic/policy_engine_states.o
                0x0000000008001854                PolicyEngine::pe_sink_send_soft_reset_tx_ok()
 .text._ZN12PolicyEngine28pe_sink_send_soft_reset_respEv
                0x0000000008001876       0x90 ./Core/Drivers/usb-pd/lib/Logic/policy_engine_states.o
                0x0000000008001876                PolicyEngine::pe_sink_send_soft_reset_resp()
 .text._ZN12PolicyEngine26pe_sink_send_not_supportedEv
                0x0000000008001906       0x5a ./Core/Drivers/usb-pd/lib/Logic/policy_engine_states.o
                0x0000000008001906                PolicyEngine::pe_sink_send_not_supported()
 .text._ZN12PolicyEngine22pe_sink_chunk_receivedEv
                0x0000000008001960       0x1c ./Core/Drivers/usb-pd/lib/Logic/policy_engine_states.o
                0x0000000008001960                PolicyEngine::pe_sink_chunk_received()
 .text._ZN12PolicyEngine30pe_sink_not_supported_receivedEv
                0x000000000800197c       0x22 ./Core/Drivers/usb-pd/lib/Logic/policy_engine_states.o
                0x000000000800197c                PolicyEngine::pe_sink_not_supported_received()
 .text._ZN12PolicyEngine27pe_sink_source_unresponsiveEv
                0x000000000800199e       0x1c ./Core/Drivers/usb-pd/lib/Logic/policy_engine_states.o
                0x000000000800199e                PolicyEngine::pe_sink_source_unresponsive()
 .text._ZN12PolicyEngine18pe_sink_wait_eventEv
                0x00000000080019ba       0x8e ./Core/Drivers/usb-pd/lib/Logic/policy_engine_states.o
                0x00000000080019ba                PolicyEngine::pe_sink_wait_event()
 .text._ZN12PolicyEngine21pe_sink_wait_good_crcEv
                0x0000000008001a48       0xb8 ./Core/Drivers/usb-pd/lib/Logic/policy_engine_states.o
                0x0000000008001a48                PolicyEngine::pe_sink_wait_good_crc()
 .text._ZN12PolicyEngine22pe_sink_wait_send_doneEv
                0x0000000008001b00       0xc8 ./Core/Drivers/usb-pd/lib/Logic/policy_engine_states.o
                0x0000000008001b00                PolicyEngine::pe_sink_wait_send_done()
 .text._ZN10ringbufferI6pd_msgLj4EE3popEPS0_
                0x0000000008001bc8       0x74 ./Core/Drivers/usb-pd/lib/Logic/policy_engine_states.o
                0x0000000008001bc8                ringbuffer<pd_msg, 4u>::pop(pd_msg*)
 .text.MX_DMA_Init
                0x0000000008001c3c       0x8c ./Core/Src/dma.o
                0x0000000008001c3c                MX_DMA_Init
 .text.MX_GPIO_Init
                0x0000000008001cc8       0x94 ./Core/Src/gpio.o
                0x0000000008001cc8                MX_GPIO_Init
 .text.MX_I2C1_Init
                0x0000000008001d5c       0x5c ./Core/Src/i2c.o
                0x0000000008001d5c                MX_I2C1_Init
 .text.HAL_I2C_MspInit
                0x0000000008001db8      0x17c ./Core/Src/i2c.o
                0x0000000008001db8                HAL_I2C_MspInit
 .text.main     0x0000000008001f34       0x2c ./Core/Src/main.o
                0x0000000008001f34                main
 .text.SystemClock_Config
                0x0000000008001f60       0xd8 ./Core/Src/main.o
                0x0000000008001f60                SystemClock_Config
 .text.Error_Handler
                0x0000000008002038        0xa ./Core/Src/main.o
                0x0000000008002038                Error_Handler
 *fill*         0x0000000008002042        0x2 
 .text.HAL_MspInit
                0x0000000008002044       0x50 ./Core/Src/stm32f4xx_hal_msp.o
                0x0000000008002044                HAL_MspInit
 .text.NMI_Handler
                0x0000000008002094        0x6 ./Core/Src/stm32f4xx_it.o
                0x0000000008002094                NMI_Handler
 .text.HardFault_Handler
                0x000000000800209a        0x6 ./Core/Src/stm32f4xx_it.o
                0x000000000800209a                HardFault_Handler
 .text.MemManage_Handler
                0x00000000080020a0        0x6 ./Core/Src/stm32f4xx_it.o
                0x00000000080020a0                MemManage_Handler
 .text.BusFault_Handler
                0x00000000080020a6        0x6 ./Core/Src/stm32f4xx_it.o
                0x00000000080020a6                BusFault_Handler
 .text.UsageFault_Handler
                0x00000000080020ac        0x6 ./Core/Src/stm32f4xx_it.o
                0x00000000080020ac                UsageFault_Handler
 .text.SVC_Handler
                0x00000000080020b2        0xe ./Core/Src/stm32f4xx_it.o
                0x00000000080020b2                SVC_Handler
 .text.DebugMon_Handler
                0x00000000080020c0        0xe ./Core/Src/stm32f4xx_it.o
                0x00000000080020c0                DebugMon_Handler
 .text.PendSV_Handler
                0x00000000080020ce        0xe ./Core/Src/stm32f4xx_it.o
                0x00000000080020ce                PendSV_Handler
 .text.SysTick_Handler
                0x00000000080020dc        0xc ./Core/Src/stm32f4xx_it.o
                0x00000000080020dc                SysTick_Handler
 .text.DMA1_Stream0_IRQHandler
                0x00000000080020e8       0x14 ./Core/Src/stm32f4xx_it.o
                0x00000000080020e8                DMA1_Stream0_IRQHandler
 .text.DMA1_Stream6_IRQHandler
                0x00000000080020fc       0x14 ./Core/Src/stm32f4xx_it.o
                0x00000000080020fc                DMA1_Stream6_IRQHandler
 .text.I2C1_EV_IRQHandler
                0x0000000008002110       0x14 ./Core/Src/stm32f4xx_it.o
                0x0000000008002110                I2C1_EV_IRQHandler
 .text.I2C1_ER_IRQHandler
                0x0000000008002124       0x14 ./Core/Src/stm32f4xx_it.o
                0x0000000008002124                I2C1_ER_IRQHandler
 .text.USART1_IRQHandler
                0x0000000008002138       0x14 ./Core/Src/stm32f4xx_it.o
                0x0000000008002138                USART1_IRQHandler
 .text.DMA2_Stream2_IRQHandler
                0x000000000800214c       0x14 ./Core/Src/stm32f4xx_it.o
                0x000000000800214c                DMA2_Stream2_IRQHandler
 .text.DMA2_Stream7_IRQHandler
                0x0000000008002160       0x14 ./Core/Src/stm32f4xx_it.o
                0x0000000008002160                DMA2_Stream7_IRQHandler
 .text._read    0x0000000008002174       0x3a ./Core/Src/syscalls.o
                0x0000000008002174                _read
 .text._write   0x00000000080021ae       0x38 ./Core/Src/syscalls.o
                0x00000000080021ae                _write
 .text._close   0x00000000080021e6       0x18 ./Core/Src/syscalls.o
                0x00000000080021e6                _close
 .text._fstat   0x00000000080021fe       0x20 ./Core/Src/syscalls.o
                0x00000000080021fe                _fstat
 .text._isatty  0x000000000800221e       0x16 ./Core/Src/syscalls.o
                0x000000000800221e                _isatty
 .text._lseek   0x0000000008002234       0x1a ./Core/Src/syscalls.o
                0x0000000008002234                _lseek
 *fill*         0x000000000800224e        0x2 
 .text._sbrk    0x0000000008002250       0x6c ./Core/Src/sysmem.o
                0x0000000008002250                _sbrk
 .text.SystemInit
                0x00000000080022bc       0x24 ./Core/Src/system_stm32f4xx.o
                0x00000000080022bc                SystemInit
 .text.MX_USART1_UART_Init
                0x00000000080022e0       0x54 ./Core/Src/usart.o
                0x00000000080022e0                MX_USART1_UART_Init
 .text.HAL_UART_MspInit
                0x0000000008002334      0x16c ./Core/Src/usart.o
                0x0000000008002334                HAL_UART_MspInit
 .text.Reset_Handler
                0x00000000080024a0       0x50 ./Core/Startup/startup_stm32f446retx.o
                0x00000000080024a0                Reset_Handler
 .text.Default_Handler
                0x00000000080024f0        0x2 ./Core/Startup/startup_stm32f446retx.o
                0x00000000080024f0                RTC_Alarm_IRQHandler
                0x00000000080024f0                EXTI2_IRQHandler
                0x00000000080024f0                TIM8_CC_IRQHandler
                0x00000000080024f0                FMPI2C1_EV_IRQHandler
                0x00000000080024f0                SPI4_IRQHandler
                0x00000000080024f0                TIM1_CC_IRQHandler
                0x00000000080024f0                DMA2_Stream5_IRQHandler
                0x00000000080024f0                DMA1_Stream5_IRQHandler
                0x00000000080024f0                PVD_IRQHandler
                0x00000000080024f0                SDIO_IRQHandler
                0x00000000080024f0                TAMP_STAMP_IRQHandler
                0x00000000080024f0                CAN2_RX1_IRQHandler
                0x00000000080024f0                EXTI3_IRQHandler
                0x00000000080024f0                TIM8_TRG_COM_TIM14_IRQHandler
                0x00000000080024f0                TIM1_UP_TIM10_IRQHandler
                0x00000000080024f0                TIM8_UP_TIM13_IRQHandler
                0x00000000080024f0                I2C3_ER_IRQHandler
                0x00000000080024f0                EXTI0_IRQHandler
                0x00000000080024f0                I2C2_EV_IRQHandler
                0x00000000080024f0                DMA1_Stream2_IRQHandler
                0x00000000080024f0                CAN1_RX0_IRQHandler
                0x00000000080024f0                FPU_IRQHandler
                0x00000000080024f0                OTG_HS_WKUP_IRQHandler
                0x00000000080024f0                CAN2_SCE_IRQHandler
                0x00000000080024f0                SPI1_IRQHandler
                0x00000000080024f0                TIM6_DAC_IRQHandler
                0x00000000080024f0                TIM1_BRK_TIM9_IRQHandler
                0x00000000080024f0                DCMI_IRQHandler
                0x00000000080024f0                CAN2_RX0_IRQHandler
                0x00000000080024f0                DMA2_Stream3_IRQHandler
                0x00000000080024f0                SAI2_IRQHandler
                0x00000000080024f0                USART6_IRQHandler
                0x00000000080024f0                USART3_IRQHandler
                0x00000000080024f0                CAN1_RX1_IRQHandler
                0x00000000080024f0                UART5_IRQHandler
                0x00000000080024f0                DMA2_Stream0_IRQHandler
                0x00000000080024f0                TIM4_IRQHandler
                0x00000000080024f0                QUADSPI_IRQHandler
                0x00000000080024f0                DMA1_Stream1_IRQHandler
                0x00000000080024f0                UART4_IRQHandler
                0x00000000080024f0                TIM3_IRQHandler
                0x00000000080024f0                RCC_IRQHandler
                0x00000000080024f0                TIM8_BRK_TIM12_IRQHandler
                0x00000000080024f0                Default_Handler
                0x00000000080024f0                CEC_IRQHandler
                0x00000000080024f0                EXTI15_10_IRQHandler
                0x00000000080024f0                ADC_IRQHandler
                0x00000000080024f0                DMA1_Stream7_IRQHandler
                0x00000000080024f0                TIM7_IRQHandler
                0x00000000080024f0                CAN2_TX_IRQHandler
                0x00000000080024f0                TIM5_IRQHandler
                0x00000000080024f0                I2C3_EV_IRQHandler
                0x00000000080024f0                EXTI9_5_IRQHandler
                0x00000000080024f0                RTC_WKUP_IRQHandler
                0x00000000080024f0                SPDIF_RX_IRQHandler
                0x00000000080024f0                SPI2_IRQHandler
                0x00000000080024f0                OTG_HS_EP1_IN_IRQHandler
                0x00000000080024f0                CAN1_TX_IRQHandler
                0x00000000080024f0                FMPI2C1_ER_IRQHandler
                0x00000000080024f0                EXTI4_IRQHandler
                0x00000000080024f0                OTG_HS_EP1_OUT_IRQHandler
                0x00000000080024f0                WWDG_IRQHandler
                0x00000000080024f0                TIM2_IRQHandler
                0x00000000080024f0                OTG_FS_WKUP_IRQHandler
                0x00000000080024f0                TIM1_TRG_COM_TIM11_IRQHandler
                0x00000000080024f0                OTG_HS_IRQHandler
                0x00000000080024f0                EXTI1_IRQHandler
                0x00000000080024f0                USART2_IRQHandler
                0x00000000080024f0                I2C2_ER_IRQHandler
                0x00000000080024f0                DMA2_Stream1_IRQHandler
                0x00000000080024f0                CAN1_SCE_IRQHandler
                0x00000000080024f0                FLASH_IRQHandler
                0x00000000080024f0                DMA2_Stream4_IRQHandler
                0x00000000080024f0                OTG_FS_IRQHandler
                0x00000000080024f0                SPI3_IRQHandler
                0x00000000080024f0                DMA1_Stream4_IRQHandler
                0x00000000080024f0                FMC_IRQHandler
                0x00000000080024f0                DMA2_Stream6_IRQHandler
                0x00000000080024f0                SAI1_IRQHandler
                0x00000000080024f0                DMA1_Stream3_IRQHandler
 .text._ZN7FUSB302C2EhPFbhhhPhES2_PFvmE
                0x00000000080024f2       0x36 ./Core/user/PDUser.o
                0x00000000080024f2                FUSB302::FUSB302(unsigned char, bool (*)(unsigned char, unsigned char, unsigned char, unsigned char*), bool (*)(unsigned char, unsigned char, unsigned char, unsigned char*), void (*)(unsigned long))
                0x00000000080024f2                FUSB302::FUSB302(unsigned char, bool (*)(unsigned char, unsigned char, unsigned char, unsigned char*), bool (*)(unsigned char, unsigned char, unsigned char, unsigned char*), void (*)(unsigned long))
 .text._ZN12PolicyEngineC2E7FUSB302PFmvEPFvmEPFvP6pd_msgbEPFbPKS5_S6_E
                0x0000000008002528       0xa0 ./Core/user/PDUser.o
                0x0000000008002528                PolicyEngine::PolicyEngine(FUSB302, unsigned long (*)(), void (*)(unsigned long), void (*)(pd_msg*, bool), bool (*)(pd_msg const*, pd_msg*))
                0x0000000008002528                PolicyEngine::PolicyEngine(FUSB302, unsigned long (*)(), void (*)(unsigned long), void (*)(pd_msg*, bool), bool (*)(pd_msg const*, pd_msg*))
 .text._Z9irc_writehhhPh
                0x00000000080025c8       0x4c ./Core/user/PDUser.o
                0x00000000080025c8                irc_write(unsigned char, unsigned char, unsigned char, unsigned char*)
 .text._Z8irc_readhhhPh
                0x0000000008002614       0x4c ./Core/user/PDUser.o
                0x0000000008002614                irc_read(unsigned char, unsigned char, unsigned char, unsigned char*)
 .text.pd_user_main
                0x0000000008002660       0xb0 ./Core/user/PDUser.o
                0x0000000008002660                pd_user_main
 .text._Z28pdbs_dpm_evaluate_capabilityPK6pd_msgPS_
                0x0000000008002710      0x264 ./Core/user/PDUser.o
                0x0000000008002710                pdbs_dpm_evaluate_capability(pd_msg const*, pd_msg*)
 .text._Z28pdbs_dpm_get_sink_capabilityP6pd_msgb
                0x0000000008002974      0x120 ./Core/user/PDUser.o
                0x0000000008002974                pdbs_dpm_get_sink_capability(pd_msg*, bool)
 .text._ZN10ringbufferI6pd_msgLj4EEC2Ev
                0x0000000008002a94       0x2e ./Core/user/PDUser.o
                0x0000000008002a94                ringbuffer<pd_msg, 4u>::ringbuffer()
                0x0000000008002a94                ringbuffer<pd_msg, 4u>::ringbuffer()
 *fill*         0x0000000008002ac2        0x2 
 .text._Z41__static_initialization_and_destruction_0ii
                0x0000000008002ac4       0x70 ./Core/user/PDUser.o
 .text._GLOBAL__sub_I__Z9irc_writehhhPh
                0x0000000008002b34       0x10 ./Core/user/PDUser.o
 .text.HAL_Init
                0x0000000008002b44       0x44 ./Drivers/STM32F4xx_HAL_Driver/Src/stm32f4xx_hal.o
                0x0000000008002b44                HAL_Init
 .text.HAL_InitTick
                0x0000000008002b88       0x60 ./Drivers/STM32F4xx_HAL_Driver/Src/stm32f4xx_hal.o
                0x0000000008002b88                HAL_InitTick
 .text.HAL_IncTick
                0x0000000008002be8       0x28 ./Drivers/STM32F4xx_HAL_Driver/Src/stm32f4xx_hal.o
                0x0000000008002be8                HAL_IncTick
 .text.HAL_GetTick
                0x0000000008002c10       0x18 ./Drivers/STM32F4xx_HAL_Driver/Src/stm32f4xx_hal.o
                0x0000000008002c10                HAL_GetTick
 .text.HAL_Delay
                0x0000000008002c28       0x48 ./Drivers/STM32F4xx_HAL_Driver/Src/stm32f4xx_hal.o
                0x0000000008002c28                HAL_Delay
 .text.__NVIC_SetPriorityGrouping
                0x0000000008002c70       0x48 ./Drivers/STM32F4xx_HAL_Driver/Src/stm32f4xx_hal_cortex.o
 .text.__NVIC_GetPriorityGrouping
                0x0000000008002cb8       0x1c ./Drivers/STM32F4xx_HAL_Driver/Src/stm32f4xx_hal_cortex.o
 .text.__NVIC_EnableIRQ
                0x0000000008002cd4       0x3c ./Drivers/STM32F4xx_HAL_Driver/Src/stm32f4xx_hal_cortex.o
 .text.__NVIC_SetPriority
                0x0000000008002d10       0x54 ./Drivers/STM32F4xx_HAL_Driver/Src/stm32f4xx_hal_cortex.o
 .text.NVIC_EncodePriority
                0x0000000008002d64       0x66 ./Drivers/STM32F4xx_HAL_Driver/Src/stm32f4xx_hal_cortex.o
 *fill*         0x0000000008002dca        0x2 
 .text.SysTick_Config
                0x0000000008002dcc       0x44 ./Drivers/STM32F4xx_HAL_Driver/Src/stm32f4xx_hal_cortex.o
 .text.HAL_NVIC_SetPriorityGrouping
                0x0000000008002e10       0x16 ./Drivers/STM32F4xx_HAL_Driver/Src/stm32f4xx_hal_cortex.o
                0x0000000008002e10                HAL_NVIC_SetPriorityGrouping
 .text.HAL_NVIC_SetPriority
                0x0000000008002e26       0x38 ./Drivers/STM32F4xx_HAL_Driver/Src/stm32f4xx_hal_cortex.o
                0x0000000008002e26                HAL_NVIC_SetPriority
 .text.HAL_NVIC_EnableIRQ
                0x0000000008002e5e       0x1c ./Drivers/STM32F4xx_HAL_Driver/Src/stm32f4xx_hal_cortex.o
                0x0000000008002e5e                HAL_NVIC_EnableIRQ
 .text.HAL_SYSTICK_Config
                0x0000000008002e7a       0x18 ./Drivers/STM32F4xx_HAL_Driver/Src/stm32f4xx_hal_cortex.o
                0x0000000008002e7a                HAL_SYSTICK_Config
 *fill*         0x0000000008002e92        0x2 
 .text.HAL_DMA_Init
                0x0000000008002e94      0x15c ./Drivers/STM32F4xx_HAL_Driver/Src/stm32f4xx_hal_dma.o
                0x0000000008002e94                HAL_DMA_Init
 .text.HAL_DMA_Abort
                0x0000000008002ff0       0xe0 ./Drivers/STM32F4xx_HAL_Driver/Src/stm32f4xx_hal_dma.o
                0x0000000008002ff0                HAL_DMA_Abort
 .text.HAL_DMA_Abort_IT
                0x00000000080030d0       0x44 ./Drivers/STM32F4xx_HAL_Driver/Src/stm32f4xx_hal_dma.o
                0x00000000080030d0                HAL_DMA_Abort_IT
 .text.HAL_DMA_IRQHandler
                0x0000000008003114      0x314 ./Drivers/STM32F4xx_HAL_Driver/Src/stm32f4xx_hal_dma.o
                0x0000000008003114                HAL_DMA_IRQHandler
 .text.HAL_DMA_GetState
                0x0000000008003428       0x1c ./Drivers/STM32F4xx_HAL_Driver/Src/stm32f4xx_hal_dma.o
                0x0000000008003428                HAL_DMA_GetState
 .text.DMA_CalcBaseAndBitshift
                0x0000000008003444       0x6c ./Drivers/STM32F4xx_HAL_Driver/Src/stm32f4xx_hal_dma.o
 .text.DMA_CheckFifoParam
                0x00000000080034b0       0xf8 ./Drivers/STM32F4xx_HAL_Driver/Src/stm32f4xx_hal_dma.o
 .text.HAL_GPIO_Init
                0x00000000080035a8      0x328 ./Drivers/STM32F4xx_HAL_Driver/Src/stm32f4xx_hal_gpio.o
                0x00000000080035a8                HAL_GPIO_Init
 .text.HAL_GPIO_ReadPin
                0x00000000080038d0       0x30 ./Drivers/STM32F4xx_HAL_Driver/Src/stm32f4xx_hal_gpio.o
                0x00000000080038d0                HAL_GPIO_ReadPin
 .text.HAL_I2C_Init
                0x0000000008003900      0x288 ./Drivers/STM32F4xx_HAL_Driver/Src/stm32f4xx_hal_i2c.o
                0x0000000008003900                HAL_I2C_Init
 .text.HAL_I2C_Mem_Write
                0x0000000008003b88      0x1f4 ./Drivers/STM32F4xx_HAL_Driver/Src/stm32f4xx_hal_i2c.o
                0x0000000008003b88                HAL_I2C_Mem_Write
 .text.HAL_I2C_Mem_Read
                0x0000000008003d7c      0x44c ./Drivers/STM32F4xx_HAL_Driver/Src/stm32f4xx_hal_i2c.o
                0x0000000008003d7c                HAL_I2C_Mem_Read
 .text.HAL_I2C_EV_IRQHandler
                0x00000000080041c8      0x2e2 ./Drivers/STM32F4xx_HAL_Driver/Src/stm32f4xx_hal_i2c.o
                0x00000000080041c8                HAL_I2C_EV_IRQHandler
 .text.HAL_I2C_ER_IRQHandler
                0x00000000080044aa      0x14e ./Drivers/STM32F4xx_HAL_Driver/Src/stm32f4xx_hal_i2c.o
                0x00000000080044aa                HAL_I2C_ER_IRQHandler
 .text.HAL_I2C_MasterTxCpltCallback
                0x00000000080045f8       0x14 ./Drivers/STM32F4xx_HAL_Driver/Src/stm32f4xx_hal_i2c.o
                0x00000000080045f8                HAL_I2C_MasterTxCpltCallback
 .text.HAL_I2C_MasterRxCpltCallback
                0x000000000800460c       0x14 ./Drivers/STM32F4xx_HAL_Driver/Src/stm32f4xx_hal_i2c.o
                0x000000000800460c                HAL_I2C_MasterRxCpltCallback
 .text.HAL_I2C_SlaveTxCpltCallback
                0x0000000008004620       0x14 ./Drivers/STM32F4xx_HAL_Driver/Src/stm32f4xx_hal_i2c.o
                0x0000000008004620                HAL_I2C_SlaveTxCpltCallback
 .text.HAL_I2C_SlaveRxCpltCallback
                0x0000000008004634       0x14 ./Drivers/STM32F4xx_HAL_Driver/Src/stm32f4xx_hal_i2c.o
                0x0000000008004634                HAL_I2C_SlaveRxCpltCallback
 .text.HAL_I2C_AddrCallback
                0x0000000008004648       0x1c ./Drivers/STM32F4xx_HAL_Driver/Src/stm32f4xx_hal_i2c.o
                0x0000000008004648                HAL_I2C_AddrCallback
 .text.HAL_I2C_ListenCpltCallback
                0x0000000008004664       0x14 ./Drivers/STM32F4xx_HAL_Driver/Src/stm32f4xx_hal_i2c.o
                0x0000000008004664                HAL_I2C_ListenCpltCallback
 .text.HAL_I2C_MemTxCpltCallback
                0x0000000008004678       0x14 ./Drivers/STM32F4xx_HAL_Driver/Src/stm32f4xx_hal_i2c.o
                0x0000000008004678                HAL_I2C_MemTxCpltCallback
 .text.HAL_I2C_MemRxCpltCallback
                0x000000000800468c       0x14 ./Drivers/STM32F4xx_HAL_Driver/Src/stm32f4xx_hal_i2c.o
                0x000000000800468c                HAL_I2C_MemRxCpltCallback
 .text.HAL_I2C_ErrorCallback
                0x00000000080046a0       0x14 ./Drivers/STM32F4xx_HAL_Driver/Src/stm32f4xx_hal_i2c.o
                0x00000000080046a0                HAL_I2C_ErrorCallback
 .text.HAL_I2C_AbortCpltCallback
                0x00000000080046b4       0x14 ./Drivers/STM32F4xx_HAL_Driver/Src/stm32f4xx_hal_i2c.o
                0x00000000080046b4                HAL_I2C_AbortCpltCallback
 .text.I2C_MasterTransmit_TXE
                0x00000000080046c8      0x138 ./Drivers/STM32F4xx_HAL_Driver/Src/stm32f4xx_hal_i2c.o
 .text.I2C_MasterTransmit_BTF
                0x0000000008004800       0xec ./Drivers/STM32F4xx_HAL_Driver/Src/stm32f4xx_hal_i2c.o
 .text.I2C_MemoryTransmit_TXE_BTF
                0x00000000080048ec      0x128 ./Drivers/STM32F4xx_HAL_Driver/Src/stm32f4xx_hal_i2c.o
 .text.I2C_MasterReceive_RXNE
                0x0000000008004a14      0x176 ./Drivers/STM32F4xx_HAL_Driver/Src/stm32f4xx_hal_i2c.o
 .text.I2C_MasterReceive_BTF
                0x0000000008004b8a      0x1d4 ./Drivers/STM32F4xx_HAL_Driver/Src/stm32f4xx_hal_i2c.o
 .text.I2C_Master_SB
                0x0000000008004d5e      0x10c ./Drivers/STM32F4xx_HAL_Driver/Src/stm32f4xx_hal_i2c.o
 .text.I2C_Master_ADD10
                0x0000000008004e6a       0x54 ./Drivers/STM32F4xx_HAL_Driver/Src/stm32f4xx_hal_i2c.o
 .text.I2C_Master_ADDR
                0x0000000008004ebe      0x322 ./Drivers/STM32F4xx_HAL_Driver/Src/stm32f4xx_hal_i2c.o
 .text.I2C_SlaveTransmit_TXE
                0x00000000080051e0       0x7a ./Drivers/STM32F4xx_HAL_Driver/Src/stm32f4xx_hal_i2c.o
 .text.I2C_SlaveTransmit_BTF
                0x000000000800525a       0x42 ./Drivers/STM32F4xx_HAL_Driver/Src/stm32f4xx_hal_i2c.o
 .text.I2C_SlaveReceive_RXNE
                0x000000000800529c       0x7c ./Drivers/STM32F4xx_HAL_Driver/Src/stm32f4xx_hal_i2c.o
 .text.I2C_SlaveReceive_BTF
                0x0000000008005318       0x44 ./Drivers/STM32F4xx_HAL_Driver/Src/stm32f4xx_hal_i2c.o
 .text.I2C_Slave_ADDR
                0x000000000800535c       0x94 ./Drivers/STM32F4xx_HAL_Driver/Src/stm32f4xx_hal_i2c.o
 .text.I2C_Slave_STOPF
                0x00000000080053f0      0x260 ./Drivers/STM32F4xx_HAL_Driver/Src/stm32f4xx_hal_i2c.o
 .text.I2C_Slave_AF
                0x0000000008005650       0xe0 ./Drivers/STM32F4xx_HAL_Driver/Src/stm32f4xx_hal_i2c.o
 .text.I2C_ITError
                0x0000000008005730      0x264 ./Drivers/STM32F4xx_HAL_Driver/Src/stm32f4xx_hal_i2c.o
 .text.I2C_RequestMemoryWrite
                0x0000000008005994      0x12c ./Drivers/STM32F4xx_HAL_Driver/Src/stm32f4xx_hal_i2c.o
 .text.I2C_RequestMemoryRead
                0x0000000008005ac0      0x1d0 ./Drivers/STM32F4xx_HAL_Driver/Src/stm32f4xx_hal_i2c.o
 .text.I2C_DMAAbort
                0x0000000008005c90      0x150 ./Drivers/STM32F4xx_HAL_Driver/Src/stm32f4xx_hal_i2c.o
 .text.I2C_WaitOnFlagUntilTimeout
                0x0000000008005de0       0xae ./Drivers/STM32F4xx_HAL_Driver/Src/stm32f4xx_hal_i2c.o
 .text.I2C_WaitOnMasterAddressFlagUntilTimeout
                0x0000000008005e8e       0xfe ./Drivers/STM32F4xx_HAL_Driver/Src/stm32f4xx_hal_i2c.o
 .text.I2C_WaitOnTXEFlagUntilTimeout
                0x0000000008005f8c       0x82 ./Drivers/STM32F4xx_HAL_Driver/Src/stm32f4xx_hal_i2c.o
 .text.I2C_WaitOnBTFFlagUntilTimeout
                0x000000000800600e       0x82 ./Drivers/STM32F4xx_HAL_Driver/Src/stm32f4xx_hal_i2c.o
 .text.I2C_WaitOnSTOPRequestThroughIT
                0x0000000008006090       0x64 ./Drivers/STM32F4xx_HAL_Driver/Src/stm32f4xx_hal_i2c.o
 .text.I2C_WaitOnRXNEFlagUntilTimeout
                0x00000000080060f4       0xac ./Drivers/STM32F4xx_HAL_Driver/Src/stm32f4xx_hal_i2c.o
 .text.I2C_IsAcknowledgeFailed
                0x00000000080061a0       0x5e ./Drivers/STM32F4xx_HAL_Driver/Src/stm32f4xx_hal_i2c.o
 .text.I2C_ConvertOtherXferOptions
                0x00000000080061fe       0x36 ./Drivers/STM32F4xx_HAL_Driver/Src/stm32f4xx_hal_i2c.o
 .text.HAL_RCC_ClockConfig
                0x0000000008006234      0x1cc ./Drivers/STM32F4xx_HAL_Driver/Src/stm32f4xx_hal_rcc.o
                0x0000000008006234                HAL_RCC_ClockConfig
 .text.HAL_RCC_GetHCLKFreq
                0x0000000008006400       0x18 ./Drivers/STM32F4xx_HAL_Driver/Src/stm32f4xx_hal_rcc.o
                0x0000000008006400                HAL_RCC_GetHCLKFreq
 .text.HAL_RCC_GetPCLK1Freq
                0x0000000008006418       0x28 ./Drivers/STM32F4xx_HAL_Driver/Src/stm32f4xx_hal_rcc.o
                0x0000000008006418                HAL_RCC_GetPCLK1Freq
 .text.HAL_RCC_GetPCLK2Freq
                0x0000000008006440       0x28 ./Drivers/STM32F4xx_HAL_Driver/Src/stm32f4xx_hal_rcc.o
                0x0000000008006440                HAL_RCC_GetPCLK2Freq
 .text.HAL_RCC_GetSysClockFreq
                0x0000000008006468      0x354 ./Drivers/STM32F4xx_HAL_Driver/Src/stm32f4xx_hal_rcc_ex.o
                0x0000000008006468                HAL_RCC_GetSysClockFreq
 .text.HAL_RCC_OscConfig
                0x00000000080067bc      0x53c ./Drivers/STM32F4xx_HAL_Driver/Src/stm32f4xx_hal_rcc_ex.o
                0x00000000080067bc                HAL_RCC_OscConfig
 .text.HAL_UART_Init
                0x0000000008006cf8       0x9a ./Drivers/STM32F4xx_HAL_Driver/Src/stm32f4xx_hal_uart.o
                0x0000000008006cf8                HAL_UART_Init
 *fill*         0x0000000008006d92        0x2 
 .text.HAL_UART_IRQHandler
                0x0000000008006d94      0x51c ./Drivers/STM32F4xx_HAL_Driver/Src/stm32f4xx_hal_uart.o
                0x0000000008006d94                HAL_UART_IRQHandler
 .text.HAL_UART_TxCpltCallback
                0x00000000080072b0       0x14 ./Drivers/STM32F4xx_HAL_Driver/Src/stm32f4xx_hal_uart.o
                0x00000000080072b0                HAL_UART_TxCpltCallback
 .text.HAL_UART_RxCpltCallback
                0x00000000080072c4       0x14 ./Drivers/STM32F4xx_HAL_Driver/Src/stm32f4xx_hal_uart.o
                0x00000000080072c4                HAL_UART_RxCpltCallback
 .text.HAL_UART_ErrorCallback
                0x00000000080072d8       0x14 ./Drivers/STM32F4xx_HAL_Driver/Src/stm32f4xx_hal_uart.o
                0x00000000080072d8                HAL_UART_ErrorCallback
 .text.HAL_UARTEx_RxEventCallback
                0x00000000080072ec       0x18 ./Drivers/STM32F4xx_HAL_Driver/Src/stm32f4xx_hal_uart.o
                0x00000000080072ec                HAL_UARTEx_RxEventCallback
 .text.UART_EndRxTransfer
                0x0000000008007304       0xc6 ./Drivers/STM32F4xx_HAL_Driver/Src/stm32f4xx_hal_uart.o
 .text.UART_DMAAbortOnError
                0x00000000080073ca       0x28 ./Drivers/STM32F4xx_HAL_Driver/Src/stm32f4xx_hal_uart.o
 .text.UART_Transmit_IT
                0x00000000080073f2       0xa0 ./Drivers/STM32F4xx_HAL_Driver/Src/stm32f4xx_hal_uart.o
 .text.UART_EndTransmit_IT
                0x0000000008007492       0x30 ./Drivers/STM32F4xx_HAL_Driver/Src/stm32f4xx_hal_uart.o
 .text.UART_Receive_IT
                0x00000000080074c2      0x176 ./Drivers/STM32F4xx_HAL_Driver/Src/stm32f4xx_hal_uart.o
 .text.UART_SetConfig
                0x0000000008007638      0x4e8 ./Drivers/STM32F4xx_HAL_Driver/Src/stm32f4xx_hal_uart.o
 .text.__errno  0x0000000008007b20        0xc c:/st/stm32cubeide_1.7.0/stm32cubeide/plugins/com.st.stm32cube.ide.mcu.externaltools.gnu-tools-for-stm32.10.3-2021.10.win32_1.0.0.202111181127/tools/bin/../lib/gcc/arm-none-eabi/10.3.1/../../../../arm-none-eabi/lib/thumb/v7e-m+fp/hard\libc_nano.a(lib_a-errno.o)
                0x0000000008007b20                __errno
 .text.__libc_init_array
                0x0000000008007b2c       0x48 c:/st/stm32cubeide_1.7.0/stm32cubeide/plugins/com.st.stm32cube.ide.mcu.externaltools.gnu-tools-for-stm32.10.3-2021.10.win32_1.0.0.202111181127/tools/bin/../lib/gcc/arm-none-eabi/10.3.1/../../../../arm-none-eabi/lib/thumb/v7e-m+fp/hard\libc_nano.a(lib_a-init.o)
                0x0000000008007b2c                __libc_init_array
 .text.memcpy   0x0000000008007b74       0x1c c:/st/stm32cubeide_1.7.0/stm32cubeide/plugins/com.st.stm32cube.ide.mcu.externaltools.gnu-tools-for-stm32.10.3-2021.10.win32_1.0.0.202111181127/tools/bin/../lib/gcc/arm-none-eabi/10.3.1/../../../../arm-none-eabi/lib/thumb/v7e-m+fp/hard\libc_nano.a(lib_a-memcpy-stub.o)
                0x0000000008007b74                memcpy
 .text.memset   0x0000000008007b90       0x10 c:/st/stm32cubeide_1.7.0/stm32cubeide/plugins/com.st.stm32cube.ide.mcu.externaltools.gnu-tools-for-stm32.10.3-2021.10.win32_1.0.0.202111181127/tools/bin/../lib/gcc/arm-none-eabi/10.3.1/../../../../arm-none-eabi/lib/thumb/v7e-m+fp/hard\libc_nano.a(lib_a-memset.o)
                0x0000000008007b90                memset
 .text.printf   0x0000000008007ba0       0x30 c:/st/stm32cubeide_1.7.0/stm32cubeide/plugins/com.st.stm32cube.ide.mcu.externaltools.gnu-tools-for-stm32.10.3-2021.10.win32_1.0.0.202111181127/tools/bin/../lib/gcc/arm-none-eabi/10.3.1/../../../../arm-none-eabi/lib/thumb/v7e-m+fp/hard\libc_nano.a(lib_a-printf.o)
                0x0000000008007ba0                iprintf
                0x0000000008007ba0                printf
 .text._puts_r  0x0000000008007bd0       0xdc c:/st/stm32cubeide_1.7.0/stm32cubeide/plugins/com.st.stm32cube.ide.mcu.externaltools.gnu-tools-for-stm32.10.3-2021.10.win32_1.0.0.202111181127/tools/bin/../lib/gcc/arm-none-eabi/10.3.1/../../../../arm-none-eabi/lib/thumb/v7e-m+fp/hard\libc_nano.a(lib_a-puts.o)
                0x0000000008007bd0                _puts_r
 .text.puts     0x0000000008007cac       0x10 c:/st/stm32cubeide_1.7.0/stm32cubeide/plugins/com.st.stm32cube.ide.mcu.externaltools.gnu-tools-for-stm32.10.3-2021.10.win32_1.0.0.202111181127/tools/bin/../lib/gcc/arm-none-eabi/10.3.1/../../../../arm-none-eabi/lib/thumb/v7e-m+fp/hard\libc_nano.a(lib_a-puts.o)
                0x0000000008007cac                puts
 .text.__swbuf_r
                0x0000000008007cbc       0xa4 c:/st/stm32cubeide_1.7.0/stm32cubeide/plugins/com.st.stm32cube.ide.mcu.externaltools.gnu-tools-for-stm32.10.3-2021.10.win32_1.0.0.202111181127/tools/bin/../lib/gcc/arm-none-eabi/10.3.1/../../../../arm-none-eabi/lib/thumb/v7e-m+fp/hard\libc_nano.a(lib_a-wbuf.o)
                0x0000000008007cbc                __swbuf_r
 .text.__swsetup_r
                0x0000000008007d60       0xdc c:/st/stm32cubeide_1.7.0/stm32cubeide/plugins/com.st.stm32cube.ide.mcu.externaltools.gnu-tools-for-stm32.10.3-2021.10.win32_1.0.0.202111181127/tools/bin/../lib/gcc/arm-none-eabi/10.3.1/../../../../arm-none-eabi/lib/thumb/v7e-m+fp/hard\libc_nano.a(lib_a-wsetup.o)
                0x0000000008007d60                __swsetup_r
 .text.__sflush_r
                0x0000000008007e3c      0x10c c:/st/stm32cubeide_1.7.0/stm32cubeide/plugins/com.st.stm32cube.ide.mcu.externaltools.gnu-tools-for-stm32.10.3-2021.10.win32_1.0.0.202111181127/tools/bin/../lib/gcc/arm-none-eabi/10.3.1/../../../../arm-none-eabi/lib/thumb/v7e-m+fp/hard\libc_nano.a(lib_a-fflush.o)
                0x0000000008007e3c                __sflush_r
 .text._fflush_r
                0x0000000008007f48       0x78 c:/st/stm32cubeide_1.7.0/stm32cubeide/plugins/com.st.stm32cube.ide.mcu.externaltools.gnu-tools-for-stm32.10.3-2021.10.win32_1.0.0.202111181127/tools/bin/../lib/gcc/arm-none-eabi/10.3.1/../../../../arm-none-eabi/lib/thumb/v7e-m+fp/hard\libc_nano.a(lib_a-fflush.o)
                0x0000000008007f48                _fflush_r
 .text.std      0x0000000008007fc0       0x48 c:/st/stm32cubeide_1.7.0/stm32cubeide/plugins/com.st.stm32cube.ide.mcu.externaltools.gnu-tools-for-stm32.10.3-2021.10.win32_1.0.0.202111181127/tools/bin/../lib/gcc/arm-none-eabi/10.3.1/../../../../arm-none-eabi/lib/thumb/v7e-m+fp/hard\libc_nano.a(lib_a-findfp.o)
 .text._cleanup_r
                0x0000000008008008        0xc c:/st/stm32cubeide_1.7.0/stm32cubeide/plugins/com.st.stm32cube.ide.mcu.externaltools.gnu-tools-for-stm32.10.3-2021.10.win32_1.0.0.202111181127/tools/bin/../lib/gcc/arm-none-eabi/10.3.1/../../../../arm-none-eabi/lib/thumb/v7e-m+fp/hard\libc_nano.a(lib_a-findfp.o)
                0x0000000008008008                _cleanup_r
 .text.__sfmoreglue
                0x0000000008008014       0x2c c:/st/stm32cubeide_1.7.0/stm32cubeide/plugins/com.st.stm32cube.ide.mcu.externaltools.gnu-tools-for-stm32.10.3-2021.10.win32_1.0.0.202111181127/tools/bin/../lib/gcc/arm-none-eabi/10.3.1/../../../../arm-none-eabi/lib/thumb/v7e-m+fp/hard\libc_nano.a(lib_a-findfp.o)
                0x0000000008008014                __sfmoreglue
 .text.__sfp_lock_acquire
                0x0000000008008040        0xc c:/st/stm32cubeide_1.7.0/stm32cubeide/plugins/com.st.stm32cube.ide.mcu.externaltools.gnu-tools-for-stm32.10.3-2021.10.win32_1.0.0.202111181127/tools/bin/../lib/gcc/arm-none-eabi/10.3.1/../../../../arm-none-eabi/lib/thumb/v7e-m+fp/hard\libc_nano.a(lib_a-findfp.o)
                0x0000000008008040                __sfp_lock_acquire
 .text.__sfp_lock_release
                0x000000000800804c        0xc c:/st/stm32cubeide_1.7.0/stm32cubeide/plugins/com.st.stm32cube.ide.mcu.externaltools.gnu-tools-for-stm32.10.3-2021.10.win32_1.0.0.202111181127/tools/bin/../lib/gcc/arm-none-eabi/10.3.1/../../../../arm-none-eabi/lib/thumb/v7e-m+fp/hard\libc_nano.a(lib_a-findfp.o)
                0x000000000800804c                __sfp_lock_release
 .text.__sinit_lock_acquire
                0x0000000008008058        0xc c:/st/stm32cubeide_1.7.0/stm32cubeide/plugins/com.st.stm32cube.ide.mcu.externaltools.gnu-tools-for-stm32.10.3-2021.10.win32_1.0.0.202111181127/tools/bin/../lib/gcc/arm-none-eabi/10.3.1/../../../../arm-none-eabi/lib/thumb/v7e-m+fp/hard\libc_nano.a(lib_a-findfp.o)
                0x0000000008008058                __sinit_lock_acquire
 .text.__sinit_lock_release
                0x0000000008008064        0xc c:/st/stm32cubeide_1.7.0/stm32cubeide/plugins/com.st.stm32cube.ide.mcu.externaltools.gnu-tools-for-stm32.10.3-2021.10.win32_1.0.0.202111181127/tools/bin/../lib/gcc/arm-none-eabi/10.3.1/../../../../arm-none-eabi/lib/thumb/v7e-m+fp/hard\libc_nano.a(lib_a-findfp.o)
                0x0000000008008064                __sinit_lock_release
 .text.__sinit  0x0000000008008070       0x70 c:/st/stm32cubeide_1.7.0/stm32cubeide/plugins/com.st.stm32cube.ide.mcu.externaltools.gnu-tools-for-stm32.10.3-2021.10.win32_1.0.0.202111181127/tools/bin/../lib/gcc/arm-none-eabi/10.3.1/../../../../arm-none-eabi/lib/thumb/v7e-m+fp/hard\libc_nano.a(lib_a-findfp.o)
                0x0000000008008070                __sinit
 .text.__sfp    0x00000000080080e0       0x8c c:/st/stm32cubeide_1.7.0/stm32cubeide/plugins/com.st.stm32cube.ide.mcu.externaltools.gnu-tools-for-stm32.10.3-2021.10.win32_1.0.0.202111181127/tools/bin/../lib/gcc/arm-none-eabi/10.3.1/../../../../arm-none-eabi/lib/thumb/v7e-m+fp/hard\libc_nano.a(lib_a-findfp.o)
                0x00000000080080e0                __sfp
 .text._fwalk_reent
                0x000000000800816c       0x3e c:/st/stm32cubeide_1.7.0/stm32cubeide/plugins/com.st.stm32cube.ide.mcu.externaltools.gnu-tools-for-stm32.10.3-2021.10.win32_1.0.0.202111181127/tools/bin/../lib/gcc/arm-none-eabi/10.3.1/../../../../arm-none-eabi/lib/thumb/v7e-m+fp/hard\libc_nano.a(lib_a-fwalk.o)
                0x000000000800816c                _fwalk_reent
 .text.__retarget_lock_init_recursive
                0x00000000080081aa        0x2 c:/st/stm32cubeide_1.7.0/stm32cubeide/plugins/com.st.stm32cube.ide.mcu.externaltools.gnu-tools-for-stm32.10.3-2021.10.win32_1.0.0.202111181127/tools/bin/../lib/gcc/arm-none-eabi/10.3.1/../../../../arm-none-eabi/lib/thumb/v7e-m+fp/hard\libc_nano.a(lib_a-lock.o)
                0x00000000080081aa                __retarget_lock_init_recursive
 .text.__retarget_lock_acquire_recursive
                0x00000000080081ac        0x2 c:/st/stm32cubeide_1.7.0/stm32cubeide/plugins/com.st.stm32cube.ide.mcu.externaltools.gnu-tools-for-stm32.10.3-2021.10.win32_1.0.0.202111181127/tools/bin/../lib/gcc/arm-none-eabi/10.3.1/../../../../arm-none-eabi/lib/thumb/v7e-m+fp/hard\libc_nano.a(lib_a-lock.o)
                0x00000000080081ac                __retarget_lock_acquire_recursive
 .text.__retarget_lock_release_recursive
                0x00000000080081ae        0x2 c:/st/stm32cubeide_1.7.0/stm32cubeide/plugins/com.st.stm32cube.ide.mcu.externaltools.gnu-tools-for-stm32.10.3-2021.10.win32_1.0.0.202111181127/tools/bin/../lib/gcc/arm-none-eabi/10.3.1/../../../../arm-none-eabi/lib/thumb/v7e-m+fp/hard\libc_nano.a(lib_a-lock.o)
                0x00000000080081ae                __retarget_lock_release_recursive
 .text.__swhatbuf_r
                0x00000000080081b0       0x4a c:/st/stm32cubeide_1.7.0/stm32cubeide/plugins/com.st.stm32cube.ide.mcu.externaltools.gnu-tools-for-stm32.10.3-2021.10.win32_1.0.0.202111181127/tools/bin/../lib/gcc/arm-none-eabi/10.3.1/../../../../arm-none-eabi/lib/thumb/v7e-m+fp/hard\libc_nano.a(lib_a-makebuf.o)
                0x00000000080081b0                __swhatbuf_r
 *fill*         0x00000000080081fa        0x2 
 .text.__smakebuf_r
                0x00000000080081fc       0x80 c:/st/stm32cubeide_1.7.0/stm32cubeide/plugins/com.st.stm32cube.ide.mcu.externaltools.gnu-tools-for-stm32.10.3-2021.10.win32_1.0.0.202111181127/tools/bin/../lib/gcc/arm-none-eabi/10.3.1/../../../../arm-none-eabi/lib/thumb/v7e-m+fp/hard\libc_nano.a(lib_a-makebuf.o)
                0x00000000080081fc                __smakebuf_r
 .text._free_r  0x000000000800827c       0x98 c:/st/stm32cubeide_1.7.0/stm32cubeide/plugins/com.st.stm32cube.ide.mcu.externaltools.gnu-tools-for-stm32.10.3-2021.10.win32_1.0.0.202111181127/tools/bin/../lib/gcc/arm-none-eabi/10.3.1/../../../../arm-none-eabi/lib/thumb/v7e-m+fp/hard\libc_nano.a(lib_a-nano-freer.o)
                0x000000000800827c                _free_r
 .text.sbrk_aligned
                0x0000000008008314       0x40 c:/st/stm32cubeide_1.7.0/stm32cubeide/plugins/com.st.stm32cube.ide.mcu.externaltools.gnu-tools-for-stm32.10.3-2021.10.win32_1.0.0.202111181127/tools/bin/../lib/gcc/arm-none-eabi/10.3.1/../../../../arm-none-eabi/lib/thumb/v7e-m+fp/hard\libc_nano.a(lib_a-nano-mallocr.o)
 .text._malloc_r
                0x0000000008008354       0xe8 c:/st/stm32cubeide_1.7.0/stm32cubeide/plugins/com.st.stm32cube.ide.mcu.externaltools.gnu-tools-for-stm32.10.3-2021.10.win32_1.0.0.202111181127/tools/bin/../lib/gcc/arm-none-eabi/10.3.1/../../../../arm-none-eabi/lib/thumb/v7e-m+fp/hard\libc_nano.a(lib_a-nano-mallocr.o)
                0x0000000008008354                _malloc_r
 .text.__sfputc_r
                0x000000000800843c       0x2e c:/st/stm32cubeide_1.7.0/stm32cubeide/plugins/com.st.stm32cube.ide.mcu.externaltools.gnu-tools-for-stm32.10.3-2021.10.win32_1.0.0.202111181127/tools/bin/../lib/gcc/arm-none-eabi/10.3.1/../../../../arm-none-eabi/lib/thumb/v7e-m+fp/hard\libc_nano.a(lib_a-nano-vfprintf.o)
 .text.__sfputs_r
                0x000000000800846a       0x24 c:/st/stm32cubeide_1.7.0/stm32cubeide/plugins/com.st.stm32cube.ide.mcu.externaltools.gnu-tools-for-stm32.10.3-2021.10.win32_1.0.0.202111181127/tools/bin/../lib/gcc/arm-none-eabi/10.3.1/../../../../arm-none-eabi/lib/thumb/v7e-m+fp/hard\libc_nano.a(lib_a-nano-vfprintf.o)
                0x000000000800846a                __sfputs_r
 *fill*         0x000000000800848e        0x2 
 .text._vfprintf_r
                0x0000000008008490      0x260 c:/st/stm32cubeide_1.7.0/stm32cubeide/plugins/com.st.stm32cube.ide.mcu.externaltools.gnu-tools-for-stm32.10.3-2021.10.win32_1.0.0.202111181127/tools/bin/../lib/gcc/arm-none-eabi/10.3.1/../../../../arm-none-eabi/lib/thumb/v7e-m+fp/hard\libc_nano.a(lib_a-nano-vfprintf.o)
                0x0000000008008490                _vfprintf_r
                0x0000000008008490                _vfiprintf_r
 .text._printf_common
                0x00000000080086f0       0xda c:/st/stm32cubeide_1.7.0/stm32cubeide/plugins/com.st.stm32cube.ide.mcu.externaltools.gnu-tools-for-stm32.10.3-2021.10.win32_1.0.0.202111181127/tools/bin/../lib/gcc/arm-none-eabi/10.3.1/../../../../arm-none-eabi/lib/thumb/v7e-m+fp/hard\libc_nano.a(lib_a-nano-vfprintf_i.o)
                0x00000000080086f0                _printf_common
 *fill*         0x00000000080087ca        0x2 
 .text._printf_i
                0x00000000080087cc      0x24c c:/st/stm32cubeide_1.7.0/stm32cubeide/plugins/com.st.stm32cube.ide.mcu.externaltools.gnu-tools-for-stm32.10.3-2021.10.win32_1.0.0.202111181127/tools/bin/../lib/gcc/arm-none-eabi/10.3.1/../../../../arm-none-eabi/lib/thumb/v7e-m+fp/hard\libc_nano.a(lib_a-nano-vfprintf_i.o)
                0x00000000080087cc                _printf_i
 .text._sbrk_r  0x0000000008008a18       0x20 c:/st/stm32cubeide_1.7.0/stm32cubeide/plugins/com.st.stm32cube.ide.mcu.externaltools.gnu-tools-for-stm32.10.3-2021.10.win32_1.0.0.202111181127/tools/bin/../lib/gcc/arm-none-eabi/10.3.1/../../../../arm-none-eabi/lib/thumb/v7e-m+fp/hard\libc_nano.a(lib_a-sbrkr.o)
                0x0000000008008a18                _sbrk_r
 .text.__sread  0x0000000008008a38       0x22 c:/st/stm32cubeide_1.7.0/stm32cubeide/plugins/com.st.stm32cube.ide.mcu.externaltools.gnu-tools-for-stm32.10.3-2021.10.win32_1.0.0.202111181127/tools/bin/../lib/gcc/arm-none-eabi/10.3.1/../../../../arm-none-eabi/lib/thumb/v7e-m+fp/hard\libc_nano.a(lib_a-stdio.o)
                0x0000000008008a38                __sread
 .text.__swrite
                0x0000000008008a5a       0x38 c:/st/stm32cubeide_1.7.0/stm32cubeide/plugins/com.st.stm32cube.ide.mcu.externaltools.gnu-tools-for-stm32.10.3-2021.10.win32_1.0.0.202111181127/tools/bin/../lib/gcc/arm-none-eabi/10.3.1/../../../../arm-none-eabi/lib/thumb/v7e-m+fp/hard\libc_nano.a(lib_a-stdio.o)
                0x0000000008008a5a                __swrite
 .text.__sseek  0x0000000008008a92       0x24 c:/st/stm32cubeide_1.7.0/stm32cubeide/plugins/com.st.stm32cube.ide.mcu.externaltools.gnu-tools-for-stm32.10.3-2021.10.win32_1.0.0.202111181127/tools/bin/../lib/gcc/arm-none-eabi/10.3.1/../../../../arm-none-eabi/lib/thumb/v7e-m+fp/hard\libc_nano.a(lib_a-stdio.o)
                0x0000000008008a92                __sseek
 .text.__sclose
                0x0000000008008ab6        0x8 c:/st/stm32cubeide_1.7.0/stm32cubeide/plugins/com.st.stm32cube.ide.mcu.externaltools.gnu-tools-for-stm32.10.3-2021.10.win32_1.0.0.202111181127/tools/bin/../lib/gcc/arm-none-eabi/10.3.1/../../../../arm-none-eabi/lib/thumb/v7e-m+fp/hard\libc_nano.a(lib_a-stdio.o)
                0x0000000008008ab6                __sclose
 *fill*         0x0000000008008abe        0x2 
 .text._write_r
                0x0000000008008ac0       0x24 c:/st/stm32cubeide_1.7.0/stm32cubeide/plugins/com.st.stm32cube.ide.mcu.externaltools.gnu-tools-for-stm32.10.3-2021.10.win32_1.0.0.202111181127/tools/bin/../lib/gcc/arm-none-eabi/10.3.1/../../../../arm-none-eabi/lib/thumb/v7e-m+fp/hard\libc_nano.a(lib_a-writer.o)
                0x0000000008008ac0                _write_r
 .text._close_r
                0x0000000008008ae4       0x20 c:/st/stm32cubeide_1.7.0/stm32cubeide/plugins/com.st.stm32cube.ide.mcu.externaltools.gnu-tools-for-stm32.10.3-2021.10.win32_1.0.0.202111181127/tools/bin/../lib/gcc/arm-none-eabi/10.3.1/../../../../arm-none-eabi/lib/thumb/v7e-m+fp/hard\libc_nano.a(lib_a-closer.o)
                0x0000000008008ae4                _close_r
 .text._fstat_r
                0x0000000008008b04       0x24 c:/st/stm32cubeide_1.7.0/stm32cubeide/plugins/com.st.stm32cube.ide.mcu.externaltools.gnu-tools-for-stm32.10.3-2021.10.win32_1.0.0.202111181127/tools/bin/../lib/gcc/arm-none-eabi/10.3.1/../../../../arm-none-eabi/lib/thumb/v7e-m+fp/hard\libc_nano.a(lib_a-fstatr.o)
                0x0000000008008b04                _fstat_r
 .text._isatty_r
                0x0000000008008b28       0x20 c:/st/stm32cubeide_1.7.0/stm32cubeide/plugins/com.st.stm32cube.ide.mcu.externaltools.gnu-tools-for-stm32.10.3-2021.10.win32_1.0.0.202111181127/tools/bin/../lib/gcc/arm-none-eabi/10.3.1/../../../../arm-none-eabi/lib/thumb/v7e-m+fp/hard\libc_nano.a(lib_a-isattyr.o)
                0x0000000008008b28                _isatty_r
 .text._lseek_r
                0x0000000008008b48       0x24 c:/st/stm32cubeide_1.7.0/stm32cubeide/plugins/com.st.stm32cube.ide.mcu.externaltools.gnu-tools-for-stm32.10.3-2021.10.win32_1.0.0.202111181127/tools/bin/../lib/gcc/arm-none-eabi/10.3.1/../../../../arm-none-eabi/lib/thumb/v7e-m+fp/hard\libc_nano.a(lib_a-lseekr.o)
                0x0000000008008b48                _lseek_r
 .text.__malloc_lock
                0x0000000008008b6c        0xc c:/st/stm32cubeide_1.7.0/stm32cubeide/plugins/com.st.stm32cube.ide.mcu.externaltools.gnu-tools-for-stm32.10.3-2021.10.win32_1.0.0.202111181127/tools/bin/../lib/gcc/arm-none-eabi/10.3.1/../../../../arm-none-eabi/lib/thumb/v7e-m+fp/hard\libc_nano.a(lib_a-mlock.o)
                0x0000000008008b6c                __malloc_lock
 .text.__malloc_unlock
                0x0000000008008b78        0xc c:/st/stm32cubeide_1.7.0/stm32cubeide/plugins/com.st.stm32cube.ide.mcu.externaltools.gnu-tools-for-stm32.10.3-2021.10.win32_1.0.0.202111181127/tools/bin/../lib/gcc/arm-none-eabi/10.3.1/../../../../arm-none-eabi/lib/thumb/v7e-m+fp/hard\libc_nano.a(lib_a-mlock.o)
                0x0000000008008b78                __malloc_unlock
 .text._read_r  0x0000000008008b84       0x24 c:/st/stm32cubeide_1.7.0/stm32cubeide/plugins/com.st.stm32cube.ide.mcu.externaltools.gnu-tools-for-stm32.10.3-2021.10.win32_1.0.0.202111181127/tools/bin/../lib/gcc/arm-none-eabi/10.3.1/../../../../arm-none-eabi/lib/thumb/v7e-m+fp/hard\libc_nano.a(lib_a-readr.o)
                0x0000000008008b84                _read_r
 *(.glue_7)
 .glue_7        0x0000000008008ba8        0x0 linker stubs
 *(.glue_7t)
 .glue_7t       0x0000000008008ba8        0x0 linker stubs
 *(.eh_frame)
 .eh_frame      0x0000000008008ba8        0x0 c:/st/stm32cubeide_1.7.0/stm32cubeide/plugins/com.st.stm32cube.ide.mcu.externaltools.gnu-tools-for-stm32.10.3-2021.10.win32_1.0.0.202111181127/tools/bin/../lib/gcc/arm-none-eabi/10.3.1/thumb/v7e-m+fp/hard/crtbegin.o
 *(.init)
 .init          0x0000000008008ba8        0x4 c:/st/stm32cubeide_1.7.0/stm32cubeide/plugins/com.st.stm32cube.ide.mcu.externaltools.gnu-tools-for-stm32.10.3-2021.10.win32_1.0.0.202111181127/tools/bin/../lib/gcc/arm-none-eabi/10.3.1/thumb/v7e-m+fp/hard/crti.o
                0x0000000008008ba8                _init
 .init          0x0000000008008bac        0x8 c:/st/stm32cubeide_1.7.0/stm32cubeide/plugins/com.st.stm32cube.ide.mcu.externaltools.gnu-tools-for-stm32.10.3-2021.10.win32_1.0.0.202111181127/tools/bin/../lib/gcc/arm-none-eabi/10.3.1/thumb/v7e-m+fp/hard/crtn.o
 *(.fini)
 .fini          0x0000000008008bb4        0x4 c:/st/stm32cubeide_1.7.0/stm32cubeide/plugins/com.st.stm32cube.ide.mcu.externaltools.gnu-tools-for-stm32.10.3-2021.10.win32_1.0.0.202111181127/tools/bin/../lib/gcc/arm-none-eabi/10.3.1/thumb/v7e-m+fp/hard/crti.o
                0x0000000008008bb4                _fini
 .fini          0x0000000008008bb8        0x8 c:/st/stm32cubeide_1.7.0/stm32cubeide/plugins/com.st.stm32cube.ide.mcu.externaltools.gnu-tools-for-stm32.10.3-2021.10.win32_1.0.0.202111181127/tools/bin/../lib/gcc/arm-none-eabi/10.3.1/thumb/v7e-m+fp/hard/crtn.o
                0x0000000008008bc0                . = ALIGN (0x4)
                0x0000000008008bc0                _etext = .

.vfp11_veneer   0x0000000008008bc0        0x0
 .vfp11_veneer  0x0000000008008bc0        0x0 linker stubs

.v4_bx          0x0000000008008bc0        0x0
 .v4_bx         0x0000000008008bc0        0x0 linker stubs

.iplt           0x0000000008008bc0        0x0
 .iplt          0x0000000008008bc0        0x0 c:/st/stm32cubeide_1.7.0/stm32cubeide/plugins/com.st.stm32cube.ide.mcu.externaltools.gnu-tools-for-stm32.10.3-2021.10.win32_1.0.0.202111181127/tools/bin/../lib/gcc/arm-none-eabi/10.3.1/thumb/v7e-m+fp/hard/crtbegin.o

.rodata         0x0000000008008bc0      0x194
                0x0000000008008bc0                . = ALIGN (0x4)
 *(.rodata)
 .rodata        0x0000000008008bc0        0xa ./Core/Src/main.o
 *fill*         0x0000000008008bca        0x2 
 .rodata        0x0000000008008bcc       0xca ./Core/user/PDUser.o
 *(.rodata*)
 *fill*         0x0000000008008c96        0x2 
 .rodata._ZZNK7FUSB30217fusb_send_messageEPK6pd_msgE7eop_seq
                0x0000000008008c98        0x4 ./Core/Drivers/usb-pd/lib/FUSB302/fusb302b.o
 .rodata.AHBPrescTable
                0x0000000008008c9c       0x10 ./Core/Src/system_stm32f4xx.o
                0x0000000008008c9c                AHBPrescTable
 .rodata.APBPrescTable
                0x0000000008008cac        0x8 ./Core/Src/system_stm32f4xx.o
                0x0000000008008cac                APBPrescTable
 .rodata.flagBitshiftOffset.0
                0x0000000008008cb4        0x8 ./Drivers/STM32F4xx_HAL_Driver/Src/stm32f4xx_hal_dma.o
 .rodata._global_impure_ptr
                0x0000000008008cbc        0x4 c:/st/stm32cubeide_1.7.0/stm32cubeide/plugins/com.st.stm32cube.ide.mcu.externaltools.gnu-tools-for-stm32.10.3-2021.10.win32_1.0.0.202111181127/tools/bin/../lib/gcc/arm-none-eabi/10.3.1/../../../../arm-none-eabi/lib/thumb/v7e-m+fp/hard\libc_nano.a(lib_a-impure.o)
                0x0000000008008cbc                _global_impure_ptr
 .rodata.__sf_fake_stderr
                0x0000000008008cc0       0x20 c:/st/stm32cubeide_1.7.0/stm32cubeide/plugins/com.st.stm32cube.ide.mcu.externaltools.gnu-tools-for-stm32.10.3-2021.10.win32_1.0.0.202111181127/tools/bin/../lib/gcc/arm-none-eabi/10.3.1/../../../../arm-none-eabi/lib/thumb/v7e-m+fp/hard\libc_nano.a(lib_a-findfp.o)
                0x0000000008008cc0                __sf_fake_stderr
 .rodata.__sf_fake_stdin
                0x0000000008008ce0       0x20 c:/st/stm32cubeide_1.7.0/stm32cubeide/plugins/com.st.stm32cube.ide.mcu.externaltools.gnu-tools-for-stm32.10.3-2021.10.win32_1.0.0.202111181127/tools/bin/../lib/gcc/arm-none-eabi/10.3.1/../../../../arm-none-eabi/lib/thumb/v7e-m+fp/hard\libc_nano.a(lib_a-findfp.o)
                0x0000000008008ce0                __sf_fake_stdin
 .rodata.__sf_fake_stdout
                0x0000000008008d00       0x20 c:/st/stm32cubeide_1.7.0/stm32cubeide/plugins/com.st.stm32cube.ide.mcu.externaltools.gnu-tools-for-stm32.10.3-2021.10.win32_1.0.0.202111181127/tools/bin/../lib/gcc/arm-none-eabi/10.3.1/../../../../arm-none-eabi/lib/thumb/v7e-m+fp/hard\libc_nano.a(lib_a-findfp.o)
                0x0000000008008d00                __sf_fake_stdout
 .rodata._vfprintf_r.str1.1
                0x0000000008008d20       0x11 c:/st/stm32cubeide_1.7.0/stm32cubeide/plugins/com.st.stm32cube.ide.mcu.externaltools.gnu-tools-for-stm32.10.3-2021.10.win32_1.0.0.202111181127/tools/bin/../lib/gcc/arm-none-eabi/10.3.1/../../../../arm-none-eabi/lib/thumb/v7e-m+fp/hard\libc_nano.a(lib_a-nano-vfprintf.o)
 .rodata._printf_i.str1.1
                0x0000000008008d31       0x22 c:/st/stm32cubeide_1.7.0/stm32cubeide/plugins/com.st.stm32cube.ide.mcu.externaltools.gnu-tools-for-stm32.10.3-2021.10.win32_1.0.0.202111181127/tools/bin/../lib/gcc/arm-none-eabi/10.3.1/../../../../arm-none-eabi/lib/thumb/v7e-m+fp/hard\libc_nano.a(lib_a-nano-vfprintf_i.o)
                0x0000000008008d54                . = ALIGN (0x4)
 *fill*         0x0000000008008d53        0x1 

.ARM.extab      0x0000000008008d54        0x0
                0x0000000008008d54                . = ALIGN (0x4)
 *(.ARM.extab* .gnu.linkonce.armextab.*)
                0x0000000008008d54                . = ALIGN (0x4)

.ARM            0x0000000008008d54        0x8
                0x0000000008008d54                . = ALIGN (0x4)
                0x0000000008008d54                __exidx_start = .
 *(.ARM.exidx*)
 .ARM.exidx     0x0000000008008d54        0x8 c:/st/stm32cubeide_1.7.0/stm32cubeide/plugins/com.st.stm32cube.ide.mcu.externaltools.gnu-tools-for-stm32.10.3-2021.10.win32_1.0.0.202111181127/tools/bin/../lib/gcc/arm-none-eabi/10.3.1/thumb/v7e-m+fp/hard\libgcc.a(_udivmoddi4.o)
                0x0000000008008d5c                __exidx_end = .
                0x0000000008008d5c                . = ALIGN (0x4)

.rel.dyn        0x0000000008008d5c        0x0
 .rel.iplt      0x0000000008008d5c        0x0 c:/st/stm32cubeide_1.7.0/stm32cubeide/plugins/com.st.stm32cube.ide.mcu.externaltools.gnu-tools-for-stm32.10.3-2021.10.win32_1.0.0.202111181127/tools/bin/../lib/gcc/arm-none-eabi/10.3.1/thumb/v7e-m+fp/hard/crtbegin.o

.preinit_array  0x0000000008008d5c        0x0
                0x0000000008008d5c                . = ALIGN (0x4)
                0x0000000008008d5c                PROVIDE (__preinit_array_start = .)
 *(.preinit_array*)
                0x0000000008008d5c                PROVIDE (__preinit_array_end = .)
                0x0000000008008d5c                . = ALIGN (0x4)

.init_array     0x0000000008008d5c        0x8
                0x0000000008008d5c                . = ALIGN (0x4)
                0x0000000008008d5c                PROVIDE (__init_array_start = .)
 *(SORT_BY_NAME(.init_array.*))
 *(.init_array*)
 .init_array    0x0000000008008d5c        0x4 c:/st/stm32cubeide_1.7.0/stm32cubeide/plugins/com.st.stm32cube.ide.mcu.externaltools.gnu-tools-for-stm32.10.3-2021.10.win32_1.0.0.202111181127/tools/bin/../lib/gcc/arm-none-eabi/10.3.1/thumb/v7e-m+fp/hard/crtbegin.o
 .init_array    0x0000000008008d60        0x4 ./Core/user/PDUser.o
                0x0000000008008d64                PROVIDE (__init_array_end = .)
                0x0000000008008d64                . = ALIGN (0x4)

.fini_array     0x0000000008008d64        0x4
                0x0000000008008d64                . = ALIGN (0x4)
                [!provide]                        PROVIDE (__fini_array_start = .)
 *(SORT_BY_NAME(.fini_array.*))
 *(.fini_array*)
 .fini_array    0x0000000008008d64        0x4 c:/st/stm32cubeide_1.7.0/stm32cubeide/plugins/com.st.stm32cube.ide.mcu.externaltools.gnu-tools-for-stm32.10.3-2021.10.win32_1.0.0.202111181127/tools/bin/../lib/gcc/arm-none-eabi/10.3.1/thumb/v7e-m+fp/hard/crtbegin.o
                [!provide]                        PROVIDE (__fini_array_end = .)
                0x0000000008008d68                . = ALIGN (0x4)
                0x0000000008008d68                _sidata = LOADADDR (.data)

.data           0x0000000020000000       0x78 load address 0x0000000008008d68
                0x0000000020000000                . = ALIGN (0x4)
                0x0000000020000000                _sdata = .
 *(.data)
 *(.data*)
 .data._ZZNK7FUSB30217fusb_send_messageEPK6pd_msgE7sop_seq
                0x0000000020000000        0x5 ./Core/Drivers/usb-pd/lib/FUSB302/fusb302b.o
 *fill*         0x0000000020000005        0x3 
 .data.SystemCoreClock
                0x0000000020000008        0x4 ./Core/Src/system_stm32f4xx.o
                0x0000000020000008                SystemCoreClock
 .data.uwTickPrio
                0x000000002000000c        0x4 ./Drivers/STM32F4xx_HAL_Driver/Src/stm32f4xx_hal.o
                0x000000002000000c                uwTickPrio
 .data.uwTickFreq
                0x0000000020000010        0x1 ./Drivers/STM32F4xx_HAL_Driver/Src/stm32f4xx_hal.o
                0x0000000020000010                uwTickFreq
 *fill*         0x0000000020000011        0x3 
 .data._impure_ptr
                0x0000000020000014        0x4 c:/st/stm32cubeide_1.7.0/stm32cubeide/plugins/com.st.stm32cube.ide.mcu.externaltools.gnu-tools-for-stm32.10.3-2021.10.win32_1.0.0.202111181127/tools/bin/../lib/gcc/arm-none-eabi/10.3.1/../../../../arm-none-eabi/lib/thumb/v7e-m+fp/hard\libc_nano.a(lib_a-impure.o)
                0x0000000020000014                _impure_ptr
 .data.impure_data
                0x0000000020000018       0x60 c:/st/stm32cubeide_1.7.0/stm32cubeide/plugins/com.st.stm32cube.ide.mcu.externaltools.gnu-tools-for-stm32.10.3-2021.10.win32_1.0.0.202111181127/tools/bin/../lib/gcc/arm-none-eabi/10.3.1/../../../../arm-none-eabi/lib/thumb/v7e-m+fp/hard\libc_nano.a(lib_a-impure.o)
 *(.RamFunc)
 *(.RamFunc*)
                0x0000000020000078                . = ALIGN (0x4)
                0x0000000020000078                _edata = .

.igot.plt       0x0000000020000078        0x0 load address 0x0000000008008de0
 .igot.plt      0x0000000020000078        0x0 c:/st/stm32cubeide_1.7.0/stm32cubeide/plugins/com.st.stm32cube.ide.mcu.externaltools.gnu-tools-for-stm32.10.3-2021.10.win32_1.0.0.202111181127/tools/bin/../lib/gcc/arm-none-eabi/10.3.1/thumb/v7e-m+fp/hard/crtbegin.o
                0x0000000020000078                . = ALIGN (0x4)

.bss            0x0000000020000078      0x39c load address 0x0000000008008de0
                0x0000000020000078                _sbss = .
                0x0000000020000078                __bss_start__ = _sbss
 *(.bss)
 .bss           0x0000000020000078       0x1c c:/st/stm32cubeide_1.7.0/stm32cubeide/plugins/com.st.stm32cube.ide.mcu.externaltools.gnu-tools-for-stm32.10.3-2021.10.win32_1.0.0.202111181127/tools/bin/../lib/gcc/arm-none-eabi/10.3.1/thumb/v7e-m+fp/hard/crtbegin.o
 *(.bss*)
 .bss._ZZNK7FUSB30217fusb_read_messageEP6pd_msgE7garbage
                0x0000000020000094        0x4 ./Core/Drivers/usb-pd/lib/FUSB302/fusb302b.o
 .bss.hi2c1     0x0000000020000098       0x54 ./Core/Src/i2c.o
                0x0000000020000098                hi2c1
 .bss.hdma_i2c1_rx
                0x00000000200000ec       0x60 ./Core/Src/i2c.o
                0x00000000200000ec                hdma_i2c1_rx
 .bss.hdma_i2c1_tx
                0x000000002000014c       0x60 ./Core/Src/i2c.o
                0x000000002000014c                hdma_i2c1_tx
 .bss.__sbrk_heap_end
                0x00000000200001ac        0x4 ./Core/Src/sysmem.o
 .bss.huart1    0x00000000200001b0       0x44 ./Core/Src/usart.o
                0x00000000200001b0                huart1
 .bss.hdma_usart1_tx
                0x00000000200001f4       0x60 ./Core/Src/usart.o
                0x00000000200001f4                hdma_usart1_tx
 .bss.hdma_usart1_rx
                0x0000000020000254       0x60 ./Core/Src/usart.o
                0x0000000020000254                hdma_usart1_rx
 .bss.fusb      0x00000000200002b4       0x10 ./Core/user/PDUser.o
                0x00000000200002b4                fusb
 .bss.pe        0x00000000200002c4      0x138 ./Core/user/PDUser.o
                0x00000000200002c4                pe
 .bss.irqoccured
                0x00000000200003fc        0x1 ./Core/user/PDUser.o
                0x00000000200003fc                irqoccured
 *fill*         0x00000000200003fd        0x3 
 .bss.uwTick    0x0000000020000400        0x4 ./Drivers/STM32F4xx_HAL_Driver/Src/stm32f4xx_hal.o
                0x0000000020000400                uwTick
 .bss.__lock___malloc_recursive_mutex
                0x0000000020000404        0x1 c:/st/stm32cubeide_1.7.0/stm32cubeide/plugins/com.st.stm32cube.ide.mcu.externaltools.gnu-tools-for-stm32.10.3-2021.10.win32_1.0.0.202111181127/tools/bin/../lib/gcc/arm-none-eabi/10.3.1/../../../../arm-none-eabi/lib/thumb/v7e-m+fp/hard\libc_nano.a(lib_a-lock.o)
                0x0000000020000404                __lock___malloc_recursive_mutex
 .bss.__lock___sfp_recursive_mutex
                0x0000000020000405        0x1 c:/st/stm32cubeide_1.7.0/stm32cubeide/plugins/com.st.stm32cube.ide.mcu.externaltools.gnu-tools-for-stm32.10.3-2021.10.win32_1.0.0.202111181127/tools/bin/../lib/gcc/arm-none-eabi/10.3.1/../../../../arm-none-eabi/lib/thumb/v7e-m+fp/hard\libc_nano.a(lib_a-lock.o)
                0x0000000020000405                __lock___sfp_recursive_mutex
 .bss.__lock___sinit_recursive_mutex
                0x0000000020000406        0x1 c:/st/stm32cubeide_1.7.0/stm32cubeide/plugins/com.st.stm32cube.ide.mcu.externaltools.gnu-tools-for-stm32.10.3-2021.10.win32_1.0.0.202111181127/tools/bin/../lib/gcc/arm-none-eabi/10.3.1/../../../../arm-none-eabi/lib/thumb/v7e-m+fp/hard\libc_nano.a(lib_a-lock.o)
                0x0000000020000406                __lock___sinit_recursive_mutex
 *fill*         0x0000000020000407        0x1 
 .bss.__malloc_free_list
                0x0000000020000408        0x4 c:/st/stm32cubeide_1.7.0/stm32cubeide/plugins/com.st.stm32cube.ide.mcu.externaltools.gnu-tools-for-stm32.10.3-2021.10.win32_1.0.0.202111181127/tools/bin/../lib/gcc/arm-none-eabi/10.3.1/../../../../arm-none-eabi/lib/thumb/v7e-m+fp/hard\libc_nano.a(lib_a-nano-mallocr.o)
                0x0000000020000408                __malloc_free_list
 .bss.__malloc_sbrk_start
                0x000000002000040c        0x4 c:/st/stm32cubeide_1.7.0/stm32cubeide/plugins/com.st.stm32cube.ide.mcu.externaltools.gnu-tools-for-stm32.10.3-2021.10.win32_1.0.0.202111181127/tools/bin/../lib/gcc/arm-none-eabi/10.3.1/../../../../arm-none-eabi/lib/thumb/v7e-m+fp/hard\libc_nano.a(lib_a-nano-mallocr.o)
                0x000000002000040c                __malloc_sbrk_start
 .bss.errno     0x0000000020000410        0x4 c:/st/stm32cubeide_1.7.0/stm32cubeide/plugins/com.st.stm32cube.ide.mcu.externaltools.gnu-tools-for-stm32.10.3-2021.10.win32_1.0.0.202111181127/tools/bin/../lib/gcc/arm-none-eabi/10.3.1/../../../../arm-none-eabi/lib/thumb/v7e-m+fp/hard\libc_nano.a(lib_a-reent.o)
                0x0000000020000410                errno
 *(COMMON)
                0x0000000020000414                . = ALIGN (0x4)
                0x0000000020000414                _ebss = .
                0x0000000020000414                __bss_end__ = _ebss

._user_heap_stack
                0x0000000020000414      0x604 load address 0x0000000008008de0
                0x0000000020000418                . = ALIGN (0x8)
 *fill*         0x0000000020000414        0x4 
                [!provide]                        PROVIDE (end = .)
                0x0000000020000418                PROVIDE (_end = .)
                0x0000000020000618                . = (. + _Min_Heap_Size)
 *fill*         0x0000000020000418      0x200 
                0x0000000020000a18                . = (. + _Min_Stack_Size)
 *fill*         0x0000000020000618      0x400 
                0x0000000020000a18                . = ALIGN (0x8)

/DISCARD/
 libc.a(*)
 libm.a(*)
 libgcc.a(*)

.ARM.attributes
                0x0000000000000000       0x30
 *(.ARM.attributes)
 .ARM.attributes
                0x0000000000000000       0x1e c:/st/stm32cubeide_1.7.0/stm32cubeide/plugins/com.st.stm32cube.ide.mcu.externaltools.gnu-tools-for-stm32.10.3-2021.10.win32_1.0.0.202111181127/tools/bin/../lib/gcc/arm-none-eabi/10.3.1/thumb/v7e-m+fp/hard/crti.o
 .ARM.attributes
                0x000000000000001e       0x34 c:/st/stm32cubeide_1.7.0/stm32cubeide/plugins/com.st.stm32cube.ide.mcu.externaltools.gnu-tools-for-stm32.10.3-2021.10.win32_1.0.0.202111181127/tools/bin/../lib/gcc/arm-none-eabi/10.3.1/thumb/v7e-m+fp/hard/crtbegin.o
 .ARM.attributes
                0x0000000000000052       0x34 ./Core/Drivers/usb-pd/lib/FUSB302/fusb302b.o
 .ARM.attributes
                0x0000000000000086       0x34 ./Core/Drivers/usb-pd/lib/Logic/int_n.o
 .ARM.attributes
                0x00000000000000ba       0x34 ./Core/Drivers/usb-pd/lib/Logic/policy_engine.o
 .ARM.attributes
                0x00000000000000ee       0x34 ./Core/Drivers/usb-pd/lib/Logic/policy_engine_states.o
 .ARM.attributes
                0x0000000000000122       0x34 ./Core/Src/dma.o
 .ARM.attributes
                0x0000000000000156       0x34 ./Core/Src/gpio.o
 .ARM.attributes
                0x000000000000018a       0x34 ./Core/Src/i2c.o
 .ARM.attributes
                0x00000000000001be       0x34 ./Core/Src/main.o
 .ARM.attributes
                0x00000000000001f2       0x34 ./Core/Src/stm32f4xx_hal_msp.o
 .ARM.attributes
                0x0000000000000226       0x34 ./Core/Src/stm32f4xx_it.o
 .ARM.attributes
                0x000000000000025a       0x34 ./Core/Src/syscalls.o
 .ARM.attributes
                0x000000000000028e       0x34 ./Core/Src/sysmem.o
 .ARM.attributes
                0x00000000000002c2       0x34 ./Core/Src/system_stm32f4xx.o
 .ARM.attributes
                0x00000000000002f6       0x34 ./Core/Src/usart.o
 .ARM.attributes
                0x000000000000032a       0x21 ./Core/Startup/startup_stm32f446retx.o
 .ARM.attributes
                0x000000000000034b       0x34 ./Core/user/PDUser.o
 .ARM.attributes
                0x000000000000037f       0x34 ./Drivers/STM32F4xx_HAL_Driver/Src/stm32f4xx_hal.o
 .ARM.attributes
                0x00000000000003b3       0x34 ./Drivers/STM32F4xx_HAL_Driver/Src/stm32f4xx_hal_cortex.o
 .ARM.attributes
                0x00000000000003e7       0x34 ./Drivers/STM32F4xx_HAL_Driver/Src/stm32f4xx_hal_dma.o
 .ARM.attributes
                0x000000000000041b       0x34 ./Drivers/STM32F4xx_HAL_Driver/Src/stm32f4xx_hal_gpio.o
 .ARM.attributes
                0x000000000000044f       0x34 ./Drivers/STM32F4xx_HAL_Driver/Src/stm32f4xx_hal_i2c.o
 .ARM.attributes
                0x0000000000000483       0x34 ./Drivers/STM32F4xx_HAL_Driver/Src/stm32f4xx_hal_rcc.o
 .ARM.attributes
                0x00000000000004b7       0x34 ./Drivers/STM32F4xx_HAL_Driver/Src/stm32f4xx_hal_rcc_ex.o
 .ARM.attributes
                0x00000000000004eb       0x34 ./Drivers/STM32F4xx_HAL_Driver/Src/stm32f4xx_hal_uart.o
 .ARM.attributes
                0x000000000000051f       0x34 c:/st/stm32cubeide_1.7.0/stm32cubeide/plugins/com.st.stm32cube.ide.mcu.externaltools.gnu-tools-for-stm32.10.3-2021.10.win32_1.0.0.202111181127/tools/bin/../lib/gcc/arm-none-eabi/10.3.1/../../../../arm-none-eabi/lib/thumb/v7e-m+fp/hard\libc_nano.a(lib_a-errno.o)
 .ARM.attributes
                0x0000000000000553       0x34 c:/st/stm32cubeide_1.7.0/stm32cubeide/plugins/com.st.stm32cube.ide.mcu.externaltools.gnu-tools-for-stm32.10.3-2021.10.win32_1.0.0.202111181127/tools/bin/../lib/gcc/arm-none-eabi/10.3.1/../../../../arm-none-eabi/lib/thumb/v7e-m+fp/hard\libc_nano.a(lib_a-impure.o)
 .ARM.attributes
                0x0000000000000587       0x34 c:/st/stm32cubeide_1.7.0/stm32cubeide/plugins/com.st.stm32cube.ide.mcu.externaltools.gnu-tools-for-stm32.10.3-2021.10.win32_1.0.0.202111181127/tools/bin/../lib/gcc/arm-none-eabi/10.3.1/../../../../arm-none-eabi/lib/thumb/v7e-m+fp/hard\libc_nano.a(lib_a-init.o)
 .ARM.attributes
                0x00000000000005bb       0x34 c:/st/stm32cubeide_1.7.0/stm32cubeide/plugins/com.st.stm32cube.ide.mcu.externaltools.gnu-tools-for-stm32.10.3-2021.10.win32_1.0.0.202111181127/tools/bin/../lib/gcc/arm-none-eabi/10.3.1/../../../../arm-none-eabi/lib/thumb/v7e-m+fp/hard\libc_nano.a(lib_a-memcpy-stub.o)
 .ARM.attributes
                0x00000000000005ef       0x34 c:/st/stm32cubeide_1.7.0/stm32cubeide/plugins/com.st.stm32cube.ide.mcu.externaltools.gnu-tools-for-stm32.10.3-2021.10.win32_1.0.0.202111181127/tools/bin/../lib/gcc/arm-none-eabi/10.3.1/../../../../arm-none-eabi/lib/thumb/v7e-m+fp/hard\libc_nano.a(lib_a-memset.o)
 .ARM.attributes
                0x0000000000000623       0x34 c:/st/stm32cubeide_1.7.0/stm32cubeide/plugins/com.st.stm32cube.ide.mcu.externaltools.gnu-tools-for-stm32.10.3-2021.10.win32_1.0.0.202111181127/tools/bin/../lib/gcc/arm-none-eabi/10.3.1/../../../../arm-none-eabi/lib/thumb/v7e-m+fp/hard\libc_nano.a(lib_a-printf.o)
 .ARM.attributes
                0x0000000000000657       0x34 c:/st/stm32cubeide_1.7.0/stm32cubeide/plugins/com.st.stm32cube.ide.mcu.externaltools.gnu-tools-for-stm32.10.3-2021.10.win32_1.0.0.202111181127/tools/bin/../lib/gcc/arm-none-eabi/10.3.1/../../../../arm-none-eabi/lib/thumb/v7e-m+fp/hard\libc_nano.a(lib_a-puts.o)
 .ARM.attributes
                0x000000000000068b       0x34 c:/st/stm32cubeide_1.7.0/stm32cubeide/plugins/com.st.stm32cube.ide.mcu.externaltools.gnu-tools-for-stm32.10.3-2021.10.win32_1.0.0.202111181127/tools/bin/../lib/gcc/arm-none-eabi/10.3.1/../../../../arm-none-eabi/lib/thumb/v7e-m+fp/hard\libc_nano.a(lib_a-wbuf.o)
 .ARM.attributes
                0x00000000000006bf       0x34 c:/st/stm32cubeide_1.7.0/stm32cubeide/plugins/com.st.stm32cube.ide.mcu.externaltools.gnu-tools-for-stm32.10.3-2021.10.win32_1.0.0.202111181127/tools/bin/../lib/gcc/arm-none-eabi/10.3.1/../../../../arm-none-eabi/lib/thumb/v7e-m+fp/hard\libc_nano.a(lib_a-wsetup.o)
 .ARM.attributes
                0x00000000000006f3       0x34 c:/st/stm32cubeide_1.7.0/stm32cubeide/plugins/com.st.stm32cube.ide.mcu.externaltools.gnu-tools-for-stm32.10.3-2021.10.win32_1.0.0.202111181127/tools/bin/../lib/gcc/arm-none-eabi/10.3.1/../../../../arm-none-eabi/lib/thumb/v7e-m+fp/hard\libc_nano.a(lib_a-fflush.o)
 .ARM.attributes
                0x0000000000000727       0x34 c:/st/stm32cubeide_1.7.0/stm32cubeide/plugins/com.st.stm32cube.ide.mcu.externaltools.gnu-tools-for-stm32.10.3-2021.10.win32_1.0.0.202111181127/tools/bin/../lib/gcc/arm-none-eabi/10.3.1/../../../../arm-none-eabi/lib/thumb/v7e-m+fp/hard\libc_nano.a(lib_a-findfp.o)
 .ARM.attributes
                0x000000000000075b       0x34 c:/st/stm32cubeide_1.7.0/stm32cubeide/plugins/com.st.stm32cube.ide.mcu.externaltools.gnu-tools-for-stm32.10.3-2021.10.win32_1.0.0.202111181127/tools/bin/../lib/gcc/arm-none-eabi/10.3.1/../../../../arm-none-eabi/lib/thumb/v7e-m+fp/hard\libc_nano.a(lib_a-fwalk.o)
 .ARM.attributes
                0x000000000000078f       0x34 c:/st/stm32cubeide_1.7.0/stm32cubeide/plugins/com.st.stm32cube.ide.mcu.externaltools.gnu-tools-for-stm32.10.3-2021.10.win32_1.0.0.202111181127/tools/bin/../lib/gcc/arm-none-eabi/10.3.1/../../../../arm-none-eabi/lib/thumb/v7e-m+fp/hard\libc_nano.a(lib_a-lock.o)
 .ARM.attributes
                0x00000000000007c3       0x34 c:/st/stm32cubeide_1.7.0/stm32cubeide/plugins/com.st.stm32cube.ide.mcu.externaltools.gnu-tools-for-stm32.10.3-2021.10.win32_1.0.0.202111181127/tools/bin/../lib/gcc/arm-none-eabi/10.3.1/../../../../arm-none-eabi/lib/thumb/v7e-m+fp/hard\libc_nano.a(lib_a-makebuf.o)
 .ARM.attributes
                0x00000000000007f7       0x34 c:/st/stm32cubeide_1.7.0/stm32cubeide/plugins/com.st.stm32cube.ide.mcu.externaltools.gnu-tools-for-stm32.10.3-2021.10.win32_1.0.0.202111181127/tools/bin/../lib/gcc/arm-none-eabi/10.3.1/../../../../arm-none-eabi/lib/thumb/v7e-m+fp/hard\libc_nano.a(lib_a-nano-freer.o)
 .ARM.attributes
                0x000000000000082b       0x34 c:/st/stm32cubeide_1.7.0/stm32cubeide/plugins/com.st.stm32cube.ide.mcu.externaltools.gnu-tools-for-stm32.10.3-2021.10.win32_1.0.0.202111181127/tools/bin/../lib/gcc/arm-none-eabi/10.3.1/../../../../arm-none-eabi/lib/thumb/v7e-m+fp/hard\libc_nano.a(lib_a-nano-mallocr.o)
 .ARM.attributes
                0x000000000000085f       0x34 c:/st/stm32cubeide_1.7.0/stm32cubeide/plugins/com.st.stm32cube.ide.mcu.externaltools.gnu-tools-for-stm32.10.3-2021.10.win32_1.0.0.202111181127/tools/bin/../lib/gcc/arm-none-eabi/10.3.1/../../../../arm-none-eabi/lib/thumb/v7e-m+fp/hard\libc_nano.a(lib_a-nano-vfprintf.o)
 .ARM.attributes
                0x0000000000000893       0x34 c:/st/stm32cubeide_1.7.0/stm32cubeide/plugins/com.st.stm32cube.ide.mcu.externaltools.gnu-tools-for-stm32.10.3-2021.10.win32_1.0.0.202111181127/tools/bin/../lib/gcc/arm-none-eabi/10.3.1/../../../../arm-none-eabi/lib/thumb/v7e-m+fp/hard\libc_nano.a(lib_a-nano-vfprintf_i.o)
 .ARM.attributes
                0x00000000000008c7       0x34 c:/st/stm32cubeide_1.7.0/stm32cubeide/plugins/com.st.stm32cube.ide.mcu.externaltools.gnu-tools-for-stm32.10.3-2021.10.win32_1.0.0.202111181127/tools/bin/../lib/gcc/arm-none-eabi/10.3.1/../../../../arm-none-eabi/lib/thumb/v7e-m+fp/hard\libc_nano.a(lib_a-sbrkr.o)
 .ARM.attributes
                0x00000000000008fb       0x34 c:/st/stm32cubeide_1.7.0/stm32cubeide/plugins/com.st.stm32cube.ide.mcu.externaltools.gnu-tools-for-stm32.10.3-2021.10.win32_1.0.0.202111181127/tools/bin/../lib/gcc/arm-none-eabi/10.3.1/../../../../arm-none-eabi/lib/thumb/v7e-m+fp/hard\libc_nano.a(lib_a-stdio.o)
 .ARM.attributes
                0x000000000000092f       0x34 c:/st/stm32cubeide_1.7.0/stm32cubeide/plugins/com.st.stm32cube.ide.mcu.externaltools.gnu-tools-for-stm32.10.3-2021.10.win32_1.0.0.202111181127/tools/bin/../lib/gcc/arm-none-eabi/10.3.1/../../../../arm-none-eabi/lib/thumb/v7e-m+fp/hard\libc_nano.a(lib_a-writer.o)
 .ARM.attributes
                0x0000000000000963       0x34 c:/st/stm32cubeide_1.7.0/stm32cubeide/plugins/com.st.stm32cube.ide.mcu.externaltools.gnu-tools-for-stm32.10.3-2021.10.win32_1.0.0.202111181127/tools/bin/../lib/gcc/arm-none-eabi/10.3.1/../../../../arm-none-eabi/lib/thumb/v7e-m+fp/hard\libc_nano.a(lib_a-closer.o)
 .ARM.attributes
                0x0000000000000997       0x34 c:/st/stm32cubeide_1.7.0/stm32cubeide/plugins/com.st.stm32cube.ide.mcu.externaltools.gnu-tools-for-stm32.10.3-2021.10.win32_1.0.0.202111181127/tools/bin/../lib/gcc/arm-none-eabi/10.3.1/../../../../arm-none-eabi/lib/thumb/v7e-m+fp/hard\libc_nano.a(lib_a-fstatr.o)
 .ARM.attributes
                0x00000000000009cb       0x34 c:/st/stm32cubeide_1.7.0/stm32cubeide/plugins/com.st.stm32cube.ide.mcu.externaltools.gnu-tools-for-stm32.10.3-2021.10.win32_1.0.0.202111181127/tools/bin/../lib/gcc/arm-none-eabi/10.3.1/../../../../arm-none-eabi/lib/thumb/v7e-m+fp/hard\libc_nano.a(lib_a-isattyr.o)
 .ARM.attributes
                0x00000000000009ff       0x34 c:/st/stm32cubeide_1.7.0/stm32cubeide/plugins/com.st.stm32cube.ide.mcu.externaltools.gnu-tools-for-stm32.10.3-2021.10.win32_1.0.0.202111181127/tools/bin/../lib/gcc/arm-none-eabi/10.3.1/../../../../arm-none-eabi/lib/thumb/v7e-m+fp/hard\libc_nano.a(lib_a-lseekr.o)
 .ARM.attributes
                0x0000000000000a33       0x1c c:/st/stm32cubeide_1.7.0/stm32cubeide/plugins/com.st.stm32cube.ide.mcu.externaltools.gnu-tools-for-stm32.10.3-2021.10.win32_1.0.0.202111181127/tools/bin/../lib/gcc/arm-none-eabi/10.3.1/../../../../arm-none-eabi/lib/thumb/v7e-m+fp/hard\libc_nano.a(lib_a-memchr.o)
 .ARM.attributes
                0x0000000000000a4f       0x34 c:/st/stm32cubeide_1.7.0/stm32cubeide/plugins/com.st.stm32cube.ide.mcu.externaltools.gnu-tools-for-stm32.10.3-2021.10.win32_1.0.0.202111181127/tools/bin/../lib/gcc/arm-none-eabi/10.3.1/../../../../arm-none-eabi/lib/thumb/v7e-m+fp/hard\libc_nano.a(lib_a-mlock.o)
 .ARM.attributes
                0x0000000000000a83       0x34 c:/st/stm32cubeide_1.7.0/stm32cubeide/plugins/com.st.stm32cube.ide.mcu.externaltools.gnu-tools-for-stm32.10.3-2021.10.win32_1.0.0.202111181127/tools/bin/../lib/gcc/arm-none-eabi/10.3.1/../../../../arm-none-eabi/lib/thumb/v7e-m+fp/hard\libc_nano.a(lib_a-readr.o)
 .ARM.attributes
                0x0000000000000ab7       0x34 c:/st/stm32cubeide_1.7.0/stm32cubeide/plugins/com.st.stm32cube.ide.mcu.externaltools.gnu-tools-for-stm32.10.3-2021.10.win32_1.0.0.202111181127/tools/bin/../lib/gcc/arm-none-eabi/10.3.1/../../../../arm-none-eabi/lib/thumb/v7e-m+fp/hard\libc_nano.a(lib_a-reent.o)
 .ARM.attributes