../Core/Drivers/usb-pd/lib/Logic/policy_engine.cpp:24:6:void PolicyEngine::notify(PolicyEngine::Notifications)	24	static
../Core/Drivers/usb-pd/lib/Logic/policy_engine.cpp:32:6:void PolicyEngine::printStateName()	16	static
../Core/Drivers/usb-pd/lib/Logic/policy_engine.cpp:47:6:bool PolicyEngine::thread()	16	static
../Core/Drivers/usb-pd/lib/Logic/policy_engine.cpp:135:6:bool PolicyEngine::isPD3_0()	16	static
../Core/Drivers/usb-pd/lib/Logic/policy_engine.cpp:139:6:bool PolicyEngine::NegotiationTimeoutReached(uint8_t)	16	static
../Core/Drivers/usb-pd/lib/Logic/policy_engine.cpp:146:6:void PolicyEngine::PPSTimerCallback()	16	static
../Core/Drivers/usb-pd/lib/Logic/policy_engine.cpp:156:35:PolicyEngine::policy_engine_state PolicyEngine::pe_start_message_tx(PolicyEngine::policy_engine_state, PolicyEngine::policy_engine_state, pd_msg*)	24	static
../Core/Drivers/usb-pd/lib/Logic/policy_engine.cpp:193:6:void PolicyEngine::clearEvents(uint32_t)	16	static
../Core/Drivers/usb-pd/lib/Logic/policy_engine.cpp:197:35:PolicyEngine::policy_engine_state PolicyEngine::waitForEvent(PolicyEngine::policy_engine_state, uint32_t, uint32_t)	24	static
C:/Users/nikol/GitRepositories/USB-C_Lab-Power-Supply/02_PtHw_ProjectStudy/code/playground/STM32-USB-PD-Demo/Workspace/USBPDDemo_STM32F446/Core/Drivers/usb-pd/lib/Inc/ringbuffer.h:39:10:size_t ringbuffer<T, size>::getOccupied() const [with T = pd_msg; unsigned int size = 4]	16	static
