../Core/Drivers/usb-pd/lib/Logic/policy_engine_states.cpp:26:35:PolicyEngine::policy_engine_state PolicyEngine::pe_sink_startup()	16	static
../Core/Drivers/usb-pd/lib/Logic/policy_engine_states.cpp:42:35:PolicyEngine::policy_engine_state PolicyEngine::pe_sink_discovery()	16	static
../Core/Drivers/usb-pd/lib/Logic/policy_engine_states.cpp:53:35:PolicyEngine::policy_engine_state PolicyEngine::pe_sink_setup_wait_cap()	16	static
../Core/Drivers/usb-pd/lib/Logic/policy_engine_states.cpp:62:35:PolicyEngine::policy_engine_state PolicyEngine::pe_sink_wait_cap()	24	static
../Core/Drivers/usb-pd/lib/Logic/policy_engine_states.cpp:108:35:PolicyEngine::policy_engine_state PolicyEngine::pe_sink_eval_cap()	24	static
../Core/Drivers/usb-pd/lib/Logic/policy_engine_states.cpp:145:35:PolicyEngine::policy_engine_state PolicyEngine::pe_sink_select_cap_tx()	16	static
../Core/Drivers/usb-pd/lib/Logic/policy_engine_states.cpp:156:35:PolicyEngine::policy_engine_state PolicyEngine::pe_sink_select_cap()	16	static
../Core/Drivers/usb-pd/lib/Logic/policy_engine_states.cpp:165:35:PolicyEngine::policy_engine_state PolicyEngine::pe_sink_wait_cap_resp()	16	static
../Core/Drivers/usb-pd/lib/Logic/policy_engine_states.cpp:205:35:PolicyEngine::policy_engine_state PolicyEngine::pe_sink_transition_sink()	16	static
../Core/Drivers/usb-pd/lib/Logic/policy_engine_states.cpp:228:35:PolicyEngine::policy_engine_state PolicyEngine::pe_sink_ready()	24	static
../Core/Drivers/usb-pd/lib/Logic/policy_engine_states.cpp:337:35:PolicyEngine::policy_engine_state PolicyEngine::pe_sink_get_source_cap()	24	static
../Core/Drivers/usb-pd/lib/Logic/policy_engine_states.cpp:348:35:PolicyEngine::policy_engine_state PolicyEngine::pe_sink_give_sink_cap()	24	static
../Core/Drivers/usb-pd/lib/Logic/policy_engine_states.cpp:358:35:PolicyEngine::policy_engine_state PolicyEngine::pe_sink_hard_reset()	16	static
../Core/Drivers/usb-pd/lib/Logic/policy_engine_states.cpp:377:35:PolicyEngine::policy_engine_state PolicyEngine::pe_sink_transition_default()	16	static
../Core/Drivers/usb-pd/lib/Logic/policy_engine_states.cpp:387:35:PolicyEngine::policy_engine_state PolicyEngine::pe_sink_soft_reset()	48	static
../Core/Drivers/usb-pd/lib/Logic/policy_engine_states.cpp:399:35:PolicyEngine::policy_engine_state PolicyEngine::pe_sink_send_soft_reset()	24	static
../Core/Drivers/usb-pd/lib/Logic/policy_engine_states.cpp:414:35:PolicyEngine::policy_engine_state PolicyEngine::pe_sink_send_soft_reset_tx_ok()	16	static
../Core/Drivers/usb-pd/lib/Logic/policy_engine_states.cpp:420:35:PolicyEngine::policy_engine_state PolicyEngine::pe_sink_send_soft_reset_resp()	16	static
../Core/Drivers/usb-pd/lib/Logic/policy_engine_states.cpp:447:35:PolicyEngine::policy_engine_state PolicyEngine::pe_sink_send_not_supported()	16	static
../Core/Drivers/usb-pd/lib/Logic/policy_engine_states.cpp:466:35:PolicyEngine::policy_engine_state PolicyEngine::pe_sink_chunk_received()	16	static
../Core/Drivers/usb-pd/lib/Logic/policy_engine_states.cpp:474:35:PolicyEngine::policy_engine_state PolicyEngine::pe_sink_not_supported_received()	16	static
../Core/Drivers/usb-pd/lib/Logic/policy_engine_states.cpp:481:35:PolicyEngine::policy_engine_state PolicyEngine::pe_sink_source_unresponsive()	16	static
../Core/Drivers/usb-pd/lib/Logic/policy_engine_states.cpp:488:35:PolicyEngine::policy_engine_state PolicyEngine::pe_sink_wait_event()	16	static
../Core/Drivers/usb-pd/lib/Logic/policy_engine_states.cpp:511:35:PolicyEngine::policy_engine_state PolicyEngine::pe_sink_wait_good_crc()	48	static
../Core/Drivers/usb-pd/lib/Logic/policy_engine_states.cpp:537:35:PolicyEngine::policy_engine_state PolicyEngine::pe_sink_wait_send_done()	24	static
C:/Users/nikol/GitRepositories/USB-C_Lab-Power-Supply/02_PtHw_ProjectStudy/code/playground/STM32-USB-PD-Demo/Workspace/USBPDDemo_STM32F446/Core/Drivers/usb-pd/lib/Inc/ringbuffer.h:39:10:size_t ringbuffer<T, size>::getOccupied() const [with T = pd_msg; unsigned int size = 4]	16	static
C:/Users/nikol/GitRepositories/USB-C_Lab-Power-Supply/02_PtHw_ProjectStudy/code/playground/STM32-USB-PD-Demo/Workspace/USBPDDemo_STM32F446/Core/Drivers/usb-pd/lib/Inc/ringbuffer.h:25:8:void ringbuffer<T, size>::pop(T*) [with T = pd_msg; unsigned int size = 4]	16	static
